
 RUN  v4.1.10 C:/Users/adelr/Downloads/squad-hub-phase-d2.1-ai-decisions

stderr | src/state/integration-season-flow.test.ts > Integration: Complete Season Flow > season eventually completes and transitions to next season
[Season Finalization] Ledger audit found 634 issues: [
  {
    clubId: 'westport-united',
    clubName: 'Westport United',
    issueType: 'wage-mismatch',
    severity: 'critical',
    actual: 461.53846153846155,
    ledgered: 24000,
    variance: 23538.46153846154,
    variancePercent: 5100,
    message: 'Ledger reports Γé¼24000/week wages but roster only commits Γé¼462/week (5100.0% variance)'
  },
  {
    clubId: 'westport-united',
    clubName: 'Westport United',
    issueType: 'budget-overcommit',
    severity: 'warning',
    actual: 0,
    ledgered: 57203158,
    variance: 57203158,
    variancePercent: 5720315800,
    message: 'Transfer budget Γé¼57203158 exceeds available balance Γé¼0'
  },
  {
    clubId: 'england-premier-club-2',
    clubName: 'England Premier League Club 2',
    issueType: 'wage-mismatch',
    severity: 'critical',
    actual: 15.153846153846153,
    ledgered: 788,
    variance: 772.8461538461538,
    variancePercent: 5100,
    message: 'Ledger reports Γé¼788/week wages but roster only commits Γé¼15/week (5100.0% variance)'
  },
  {
    clubId: 'england-premier-club-2',
    clubName: 'England Premier League Club 2',
    issueType: 'budget-overcommit',
    severity: 'warning',
    actual: 9742139,
    ledgered: 77060852,
    variance: 67318713,
    variancePercent: 691.005466048062,
    message: 'Transfer budget Γé¼77060852 exceeds available balance Γé¼9742139'
  },
  {
    clubId: 'england-premier-club-6',
    clubName: 'England Premier League Club 6',
    issueType: 'wage-mismatch',
    severity: 'critical',
    actual: 16.307692307692307,
    ledgered: 33848,
    variance: 33831.692307692305,
    variancePercent: 207458.49056603774,
    message: 'Ledger reports Γé¼33848/week wages but roster only commits Γé¼16/week (207458.5% variance)'
  },
  {
    clubId: 'england-premier-club-6',
    clubName: 'England Premier League Club 6',
    issueType: 'budget-overcommit',
    severity: 'warning',
    actual: 0,
    ledgered: 38081915,
    variance: 38081915,
    variancePercent: 3808191500,
    message: 'Transfer budget Γé¼38081915 exceeds available balance Γé¼0'
  },
  {
    clubId: 'england-premier-club-11',
    clubName: 'England Premier League Club 11',
    issueType: 'wage-mismatch',
    severity: 'critical',
    actual: 15.076923076923077,
    ledgered: 784,
    variance: 768.9230769230769,
    variancePercent: 5100,
    message: 'Ledger reports Γé¼784/week wages but roster only commits Γé¼15/week (5100.0% variance)'
  },
  {
    clubId: 'england-premier-club-11',
    clubName: 'England Premier League Club 11',
    issueType: 'budget-overcommit',
    severity: 'warning',
    actual: 8934856,
    ledgered: 88444124,
    variance: 79509268,
    variancePercent: 889.8774417852957,
    message: 'Transfer budget Γé¼88444124 exceeds available balance Γé¼8934856'
  },
  {
    clubId: 'england-premier-club-12',
    clubName: 'England Premier League Club 12',
    issueType: 'wage-mismatch',
    severity: 'critical',
    actual: 16.423076923076923,
    ledgered: 32854,
    variance: 32837.57692307692,
    variancePercent: 199947.77517564403,
    message: 'Ledger reports Γé¼32854/week wages but roster only commits Γé¼16/week (199947.8% variance)'
  },
  {
    clubId: 'england-premier-club-12',
    clubName: 'England Premier League Club 12',
    issueType: 'budget-overcommit',
    severity: 'warning',
    actual: 0,
    ledgered: 40344469,
    variance: 40344469,
    variancePercent: 4034446900,
    message: 'Transfer budget Γé¼40344469 exceeds available balance Γé¼0'
  },
  {
    clubId: 'england-championship-club-4',
    clubName: 'England Championship Club 4',
    issueType: 'wage-mismatch',
    severity: 'critical',
    actual: 15.192307692307688,
    ledgered: 790,
    variance: 774.8076923076923,
    variancePercent: 5100.000000000002,
    message: 'Ledger reports Γé¼790/week wages but roster only commits Γé¼15/week (5100.0% variance)'
  },
  {
    clubId: 'england-championship-club-4',
    clubName: 'England Championship Club 4',
    issueType: 'budget-overcommit',
    severity: 'warning',
    actual: 8127534,
    ledgered: 67665396,
    variance: 59537862,
    variancePercent: 732.5452222039305,
    message: 'Transfer budget Γé¼67665396 exceeds available balance Γé¼8127534'
  },
  {
    clubId: 'england-championship-club-5',
    clubName: 'England Championship Club 5',
    issueType: 'wage-mismatch',
    severity: 'critical',
    actual: 15.01923076923077,
    ledgered: 781,
    variance: 765.9807692307693,
    variancePercent: 5100,
    message: 'Ledger reports Γé¼781/week wages but roster only commits Γé¼15/week (5100.0% variance)'
  },
  {
    clubId: 'england-championship-club-5',
    clubName: 'England Championship Club 5',
    issueType: 'budget-overcommit',
    severity: 'warning',
    actual: 8665770,
    ledgered: 72375251,
    variance: 63709481,
    variancePercent: 735.1854595725481,
    message: 'Transfer budget Γé¼72375251 exceeds available balance Γé¼8665770'
  },
  {
    clubId: 'england-championship-club-6',
    clubName: 'England Championship Club 6',
    issueType: 'wage-mismatch',
    severity: 'critical',
    actual: 14.923076923076923,
    ledgered: 776,
    variance: 761.0769230769231,
    variancePercent: 5100,
    message: 'Ledger reports Γé¼776/week wages but roster only commits Γé¼15/week (5100.0% variance)'
  },
  {
    clubId: 'england-championship-club-6',
    clubName: 'England Championship Club 6',
    issueType: 'budget-overcommit',
    severity: 'warning',
    actual: 9473087,
    ledgered: 91830603,
    variance: 82357516,
    variancePercent: 869.3841405657944,
    message: 'Transfer budget Γé¼91830603 exceeds available balance Γé¼9473087'
  },
  {
    clubId: 'england-championship-club-16',
    clubName: 'England Championship Club 16',
    issueType: 'wage-mismatch',
    severity: 'critical',
    actual: 15.69230769230769,
    ledgered: 33848,
    variance: 33832.307692307695,
    variancePercent: 215598.03921568632,
    message: 'Ledger reports Γé¼33848/week wages but roster only commits Γé¼16/week (215598.0% variance)'
  },
  {
    clubId: 'england-championship-club-16',
    clubName: 'England Championship Club 16',
    issueType: 'budget-overcommit',
    severity: 'warning',
    actual: 1192502,
    ledgered: 58265599,
    variance: 57073097,
    variancePercent: 4785.995914472261,
    message: 'Transfer budget Γé¼58265599 exceeds available balance Γé¼1192502'
  },
  {
    clubId: 'england-league-one-club-2',
    clubName: 'England League One Club 2',
    issueType: 'wage-mismatch',
    severity: 'critical',
    actual: 16.51923076923077,
    ledgered: 35859,
    variance: 35842.480769230766,
    variancePercent: 216974.27240977876,
    message: 'Ledger reports Γé¼35859/week wages but roster only commits Γé¼17/week (216974.3% variance)'
  },
  {
    clubId: 'england-league-one-club-2',
    clubName: 'England League One Club 2',
    issueType: 'budget-overcommit',
    severity: 'warning',
    actual: 0,
    ledgered: 89322091,
    variance: 89322091,
    variancePercent: 8932209100,
    message: 'Transfer budget Γé¼89322091 exceeds available balance Γé¼0'
  },
  {
    clubId: 'england-league-one-club-8',
    clubName: 'England League One Club 8',
    issueType: 'wage-mismatch',
    severity: 'critical',
    actual: 15.269230769230765,
    ledgered: 794,
    variance: 778.7307692307693,
    variancePercent: 5100.000000000002,
    message: 'Ledger reports Γé¼794/week wages but roster only commits Γé¼15/week (5100.0% variance)'
  },
  {
    clubId: 'england-league-one-club-8',
    clubName: 'England League One Club 8',
    issueType: 'budget-overcommit',
    severity: 'warning',
    actual: 8478516,
    ledgered: 88038810,
    variance: 79560294,
    variancePercent: 938.3752298161612,
    message: 'Transfer budget Γé¼88038810 exceeds available balance Γé¼8478516'
  },
  {
    clubId: 'england-league-one-club-12',
    clubName: 'England League One Club 12',
    issueType: 'wage-mismatch',
    severity: 'critical',
    actual: 16.42307692307692,
    ledgered: 32854,
    variance: 32837.57692307692,
    variancePercent: 199947.77517564406,
    message: 'Ledger reports Γé¼32854/week wages but roster only commits Γé¼16/week (199947.8% variance)'
  },
  {
    clubId: 'england-league-one-club-12',
    clubName: 'England League One Club 12',
    issueType: 'budget-overcommit',
    severity: 'warning',
    actual: 0,
    ledgered: 68455962,
    variance: 68455962,
    variancePercent: 6845596200,
    message: 'Transfer budget Γé¼68455962 exceeds available balance Γé¼0'
  },
  {
    clubId: 'england-league-one-club-18',
    clubName: 'England League One Club 18',
    issueType: 'wage-mismatch',
    severity: 'critical',
    actual: 15.038461538461535,
    ledgered: 782,
    variance: 766.9615384615385,
    variancePercent: 5100.000000000002,
    message: 'Ledger reports Γé¼782/week wages but roster only commits Γé¼15/week (5100.0% variance)'
  },
  {
    clubId: 'england-league-one-club-18',
    clubName: 'England League One Club 18',
    issueType: 'budget-overcommit',
    severity: 'warning',
    actual: 8478566,
    ledgered: 104800058,
    variance: 96321492,
    variancePercent: 1136.0587627671944,
    message: 'Transfer budget Γé¼104800058 exceeds available balance Γé¼8478566'
  },
  {
    clubId: 'england-league-two-club-12',
    clubName: 'England League Two Club 12',
    issueType: 'wage-mismatch',
    severity: 'critical',
    actual: 15.15384615384615,
    ledgered: 788,
    variance: 772.8461538461538,
    variancePercent: 5100.000000000002,
    message: 'Ledger reports Γé¼788/week wages but roster only commits Γé¼15/week (5100.0% variance)'
  },
  {
    clubId: 'england-league-two-club-12',
    clubName: 'England League Two Club 12',
    issueType: 'budget-overcommit',
    severity: 'warning',
    actual: 9203942,
    ledgered: 61054636,
    variance: 51850694,
    variancePercent: 563.3531154368421,
    message: 'Transfer budget Γé¼61054636 exceeds available balance Γé¼9203942'
  },
  {
    clubId: 'england-league-two-club-22',
    clubName: 'England League Two Club 22',
    issueType: 'wage-mismatch',
    severity: 'critical',
    actual: 15.038461538461538,
    ledgered: 782,
    variance: 766.9615384615385,
    variancePercent: 5100,
    message: 'Ledger reports Γé¼782/week wages but roster only commits Γé¼15/week (5100.0% variance)'
  },
  {
    clubId: 'england-league-two-club-22',
    clubName: 'England League Two Club 22',
    issueType: 'budget-overcommit',
    severity: 'warning',
    actual: 8531215,
    ledgered: 95157974,
    variance: 86626759,
    variancePercent: 1015.4093994817854,
    message: 'Transfer budget Γé¼95157974 exceeds available balance Γé¼8531215'
  },
  {
    clubId: 'england-national-club-7',
    clubName: 'England National League Club 7',
    issueType: 'wage-mismatch',
    severity: 'critical',
    actual: 16.499999999999996,
    ledgered: 36858,
    variance: 36841.5,
    variancePercent: 223281.81818181823,
    message: 'Ledger reports Γé¼36858/week wages but roster only commits Γé¼16/week (223281.8% variance)'
  },
  {
    clubId: 'england-national-club-7',
    clubName: 'England National League Club 7',
    issueType: 'budget-overcommit',
    severity: 'warning',
    actual: 0,
    ledgered: 67994336,
    variance: 67994336,
    variancePercent: 6799433600,
    message: 'Transfer budget Γé¼67994336 exceeds available balance Γé¼0'
  },
  {
    clubId: 'england-national-club-11',
    clubName: 'England National League Club 11',
    issueType: 'wage-mismatch',
    severity: 'critical',
    actual: 16.75,
    ledgered: 36871,
    variance: 36854.25,
    variancePercent: 220025.37313432834,
    message: 'Ledger reports Γé¼36871/week wages but roster only commits Γé¼17/week (220025.4% variance)'
  },
  {
    clubId: 'england-national-club-11',
    clubName: 'England National League Club 11',
    issueType: 'budget-overcommit',
    severity: 'warning',
    actual: 0,
    ledgered: 71042390,
    variance: 71042390,
    variancePercent: 7104239000,
    message: 'Transfer budget Γé¼71042390 exceeds available balance Γé¼0'
  },
  {
    clubId: 'england-national-club-16',
    clubName: 'England National League Club 16',
    issueType: 'wage-mismatch',
    severity: 'critical',
    actual: 14.307692307692307,
    ledgered: 780,
    variance: 765.6923076923077,
    variancePercent: 5351.612903225807,
    message: 'Ledger reports Γé¼780/week wages but roster only commits Γé¼14/week (5351.6% variance)'
  },
  {
    clubId: 'england-national-club-16',
    clubName: 'England National League Club 16',
    issueType: 'budget-overcommit',
    severity: 'warning',
    actual: 16785572,
    ledgered: 90316859,
    variance: 73531287,
    variancePercent: 438.0624443420814,
    message: 'Transfer budget Γé¼90316859 exceeds available balance Γé¼16785572'
  },
  {
    clubId: 'rivendell-premier-club-1',
    clubName: 'Rivendell Premier League Club 1',
    issueType: 'wage-mismatch',
    severity: 'critical',
    actual: 14.961538461538462,
    ledgered: 778,
    variance: 763.0384615384615,
    variancePercent: 5100,
    message: 'Ledger reports Γé¼778/week wages but roster only commits Γé¼15/week (5100.0% variance)'
  },
  {
    clubId: 'rivendell-premier-club-1',
    clubName: 'Rivendell Premier League Club 1',
    issueType: 'budget-overcommit',
    severity: 'warning',
    actual: 8127582,
    ledgered: 94923072,
    variance: 86795490,
    variancePercent: 1067.9128183511405,
    message: 'Transfer budget Γé¼94923072 exceeds available balance Γé¼8127582'
  },
  {
    clubId: 'rivendell-premier-club-9',
    clubName: 'Rivendell Premier League Club 9',
    issueType: 'wage-mismatch',
    severity: 'critical',
    actual: 16.28846153846154,
    ledgered: 33847,
    variance: 33830.71153846154,
    variancePercent: 207697.40259740257,
    message: 'Ledger reports Γé¼33847/week wages but roster only commits Γé¼16/week (207697.4% variance)'
  },
  {
    clubId: 'rivendell-premier-club-9',
    clubName: 'Rivendell Premier League Club 9',
    issueType: 'budget-overcommit',
    severity: 'warning',
    actual: 0,
    ledgered: 44092554,
    variance: 44092554,
    variancePercent: 4409255400,
    message: 'Transfer budget Γé¼44092554 exceeds available balance Γé¼0'
  },
  {
    clubId: 'rivendell-premier-club-10',
    clubName: 'Rivendell Premier League Club 10',
    issueType: 'wage-mismatch',
    severity: 'critical',
    actual: 14.999999999999998,
    ledgered: 780,
    variance: 765,
    variancePercent: 5100.000000000001,
    message: 'Ledger reports Γé¼780/week wages but roster only commits Γé¼15/week (5100.0% variance)'
  },
  {
    clubId: 'rivendell-premier-club-10',
    clubName: 'Rivendell Premier League Club 10',
    issueType: 'budget-overcommit',
    severity: 'warning',
    actual: 8800324,
    ledgered: 63065262,
    variance: 54264938,
    variancePercent: 616.624319740955,
    message: 'Transfer budget Γé¼63065262 exceeds available balance Γé¼8800324'
  },
  {
    clubId: 'rivendell-premier-club-11',
    clubName: 'Rivendell Premier League Club 11',
    issueType: 'wage-mismatch',
    severity: 'critical',
    actual: 16.326923076923077,
    ledgered: 32849,
    variance: 32832.67307692308,
    variancePercent: 201095.28857479387,
    message: 'Ledger reports Γé¼32849/week wages but roster only commits Γé¼16/week (201095.3% variance)'
  },
  {
    clubId: 'rivendell-premier-club-11',
    clubName: 'Rivendell Premier League Club 11',
    issueType: 'budget-overcommit',
    severity: 'warning',
    actual: 0,
    ledgered: 45166356,
    variance: 45166356,
    variancePercent: 4516635600,
    message: 'Transfer budget Γé¼45166356 exceeds available balance Γé¼0'
  },
  {
    clubId: 'rivendell-premier-club-20',
    clubName: 'Rivendell Premier League Club 20',
    issueType: 'wage-mismatch',
    severity: 'critical',
    actual: 16.326923076923077,
    ledgered: 34849,
    variance: 34832.67307692308,
    variancePercent: 213344.99411071852,
    message: 'Ledger reports Γé¼34849/week wages but roster only commits Γé¼16/week (213345.0% variance)'
  },
  {
    clubId: 'rivendell-premier-club-20',
    clubName: 'Rivendell Premier League Club 20',
    issueType: 'budget-overcommit',
    severity: 'warning',
    actual: 0,
    ledgered: 59471413,
    variance: 59471413,
    variancePercent: 5947141300,
    message: 'Transfer budget Γé¼59471413 exceeds available balance Γé¼0'
  },
  {
    clubId: 'rivendell-championship-club-1',
    clubName: 'Rivendell Championship Club 1',
    issueType: 'wage-mismatch',
    severity: 'critical',
    actual: 15.326923076923078,
    ledgered: 797,
    variance: 781.6730769230769,
    variancePercent: 5099.999999999999,
    message: 'Ledger reports Γé¼797/week wages but roster only commits Γé¼15/week (5100.0% variance)'
  },
  {
    clubId: 'rivendell-championship-club-1',
    clubName: 'Rivendell Championship Club 1',
    issueType: 'budget-overcommit',
    severity: 'warning',
    actual: 8010503,
    ledgered: 69557434,
    variance: 61546931,
    variancePercent: 768.3279189833647,
    message: 'Transfer budget Γé¼69557434 exceeds available balance Γé¼8010503'
  },
  {
    clubId: 'rivendell-championship-club-3',
    clubName: 'Rivendell Championship Club 3',
    issueType: 'wage-mismatch',
    severity: 'critical',
    actual: 14.942307692307692,
    ledgered: 777,
    variance: 762.0576923076923,
    variancePercent: 5100,
    message: 'Ledger reports Γé¼777/week wages but roster only commits Γé¼15/week (5100.0% variance)'
  },
  {
    clubId: 'rivendell-championship-club-3',
    clubName: 'Rivendell Championship Club 3',
    issueType: 'budget-overcommit',
    severity: 'warning',
    actual: 7776584,
    ledgered: 61969287,
    variance: 54192703,
    variancePercent: 696.870283919006,
    message: 'Transfer budget Γé¼61969287 exceeds available balance Γé¼7776584'
  },
  {
    clubId: 'rivendell-championship-club-5',
    clubName: 'Rivendell Championship Club 5',
    issueType: 'wage-mismatch',
    severity: 'critical',
    actual: 14.557692307692307,
    ledgered: 789,
    variance: 774.4423076923077,
    variancePercent: 5319.815059445179,
    message: 'Ledger reports Γé¼789/week wages but roster only commits Γé¼15/week (5319.8% variance)'
  },
  {
    clubId: 'rivendell-championship-club-5',
    clubName: 'Rivendell Championship Club 5',
    issueType: 'budget-overcommit',
    severity: 'warning',
    actual: 18084235,
    ledgered: 86049316,
    variance: 67965081,
    variancePercent: 375.82502660466423,
    message: 'Transfer budget Γé¼86049316 exceeds available balance Γé¼18084235'
  },
  {
    clubId: 'rivendell-championship-club-12',
    clubName: 'Rivendell Championship Club 12',
    issueType: 'wage-mismatch',
    severity: 'critical',
    actual: 15.23076923076923,
    ledgered: 792,
    variance: 776.7692307692307,
    variancePercent: 5100,
    message: 'Ledger reports Γé¼792/week wages but roster only commits Γé¼15/week (5100.0% variance)'
  },
  {
    clubId: 'rivendell-championship-club-12',
    clubName: 'Rivendell Championship Club 12',
    issueType: 'budget-overcommit',
    severity: 'warning',
    actual: 8010523,
    ledgered: 56875590,
    variance: 48865067,
    variancePercent: 610.0109443540703,
    message: 'Transfer budget Γé¼56875590 exceeds available balance Γé¼8010523'
  },
  {
    clubId: 'rivendell-championship-club-13',
    clubName: 'Rivendell Championship Club 13',
    issueType: 'wage-mismatch',
    severity: 'critical',
    actual: 15.249999999999996,
    ledgered: 793,
    variance: 777.75,
    variancePercent: 5100.000000000002,
    message: 'Ledger reports Γé¼793/week wages but roster only commits Γé¼15/week (5100.0% variance)'
  },
  {
    clubId: 'rivendell-championship-club-13',
    clubName: 'Rivendell Championship Club 13',
    issueType: 'budget-overcommit',
    severity: 'warning',
    actual: 7542521,
    ledgered: 89570626,
    variance: 82028105,
    variancePercent: 1087.5422819505573,
    message: 'Transfer budget Γé¼89570626 exceeds available balance Γé¼7542521'
  },
  {
    clubId: 'rivendell-championship-club-14',
    clubName: 'Rivendell Championship Club 14',
    issueType: 'wage-mismatch',
    severity: 'critical',
    actual: 15.057692307692307,
    ledgered: 783,
    variance: 767.9423076923077,
    variancePercent: 5100.000000000001,
    message: 'Ledger reports Γé¼783/week wages but roster only commits Γé¼15/week (5100.0% variance)'
  },
  {
    clubId: 'rivendell-championship-club-14',
    clubName: 'Rivendell Championship Club 14',
    issueType: 'budget-overcommit',
    severity: 'warning',
    actual: 8361559,
    ledgered: 99381700,
    variance: 91020141,
    variancePercent: 1088.554670247498,
    message: 'Transfer budget Γé¼99381700 exceeds available balance Γé¼8361559'
  },
  {
    clubId: 'rivendell-championship-club-18',
    clubName: 'Rivendell Championship Club 18',
    issueType: 'wage-mismatch',
    severity: 'critical',
    actual: 15.153846153846153,
    ledgered: 788,
    variance: 772.8461538461538,
    variancePercent: 5100,
    message: 'Ledger reports Γé¼788/week wages but roster only commits Γé¼15/week (5100.0% variance)'
  },
  {
    clubId: 'rivendell-championship-club-18',
    clubName: 'Rivendell Championship Club 18',
    issueType: 'budget-overcommit',
    severity: 'warning',
    actual: 8934840,
    ledgered: 52307958,
    variance: 43373118,
    variancePercent: 485.43810521509056,
    message: 'Transfer budget Γé¼52307958 exceeds available balance Γé¼8934840'
  },
  {
    clubId: 'rivendell-league-one-club-8',
    clubName: 'Rivendell League One Club 8',
    issueType: 'wage-mismatch',
    severity: 'critical',
    actual: 14.923076923076923,
    ledgered: 776,
    variance: 761.0769230769231,
    variancePercent: 5100,
    message: 'Ledger reports Γé¼776/week wages but roster only commits Γé¼15/week (5100.0% variance)'
  },
  {
    clubId: 'rivendell-league-one-club-8',
    clubName: 'Rivendell League One Club 8',
    issueType: 'budget-overcommit',
    severity: 'warning',
    actual: 8010587,
    ledgered: 85760428,
    variance: 77749841,
    variancePercent: 970.5885598645892,
    message: 'Transfer budget Γé¼85760428 exceeds available balance Γé¼8010587'
  },
  {
    clubId: 'rivendell-league-one-club-10',
    clubName: 'Rivendell League One Club 10',
    issueType: 'wage-mismatch',
    severity: 'critical',
    actual: 17.000000000000004,
    ledgered: 70850,
    variance: 70833,
    variancePercent: 416664.7058823529,
    message: 'Ledger reports Γé¼70850/week wages but roster only commits Γé¼17/week (416664.7% variance)'
  },
  {
    clubId: 'rivendell-league-one-club-10',
    clubName: 'Rivendell League One Club 10',
    issueType: 'budget-overcommit',
    severity: 'warning',
    actual: 0,
    ledgered: 47332414,
    variance: 47332414,
    variancePercent: 4733241400,
    message: 'Transfer budget Γé¼47332414 exceeds available balance Γé¼0'
  },
  {
    clubId: 'rivendell-league-one-club-13',
    clubName: 'Rivendell League One Club 13',
    issueType: 'wage-mismatch',
    severity: 'critical',
    actual: 15.115384615384615,
    ledgered: 786,
    variance: 770.8846153846154,
    variancePercent: 5100,
    message: 'Ledger reports Γé¼786/week wages but roster only commits Γé¼15/week (5100.0% variance)'
  },
  {
    clubId: 'rivendell-league-one-club-13',
    clubName: 'Rivendell League One Club 13',
    issueType: 'budget-overcommit',
    severity: 'warning',
    actual: 7776550,
    ledgered: 73466672,
    variance: 65690122,
    variancePercent: 844.720628041998,
    message: 'Transfer budget Γé¼73466672 exceeds available balance Γé¼7776550'
  },
  {
    clubId: 'rivendell-league-one-club-14',
    clubName: 'Rivendell League One Club 14',
    issueType: 'wage-mismatch',
    severity: 'critical',
    actual: 15.384615384615383,
    ledgered: 800,
    variance: 784.6153846153846,
    variancePercent: 5100.000000000001,
    message: 'Ledger reports Γé¼800/week wages but roster only commits Γé¼15/week (5100.0% variance)'
  },
  {
    clubId: 'rivendell-league-one-club-14',
    clubName: 'Rivendell League One Club 14',
    issueType: 'budget-overcommit',
    severity: 'warning',
    actual: 9742094,
    ledgered: 86837776,
    variance: 77095682,
    variancePercent: 791.3666404779095,
    message: 'Transfer budget Γé¼86837776 exceeds available balance Γé¼9742094'
  },
  {
    clubId: 'rivendell-league-one-club-15',
    clubName: 'Rivendell League One Club 15',
    issueType: 'wage-mismatch',
    severity: 'critical',
    actual: 16.365384615384617,
    ledgered: 35851,
    variance: 35834.63461538462,
    variancePercent: 218966.03995299648,
    message: 'Ledger reports Γé¼35851/week wages but roster only commits Γé¼16/week (218966.0% variance)'
  },
  {
    clubId: 'rivendell-league-one-club-15',
    clubName: 'Rivendell League One Club 15',
    issueType: 'budget-overcommit',
    severity: 'warning',
    actual: 0,
    ledgered: 86620870,
    variance: 86620870,
    variancePercent: 8662087000,
    message: 'Transfer budget Γé¼86620870 exceeds available balance Γé¼0'
  },
  {
    clubId: 'rivendell-league-two-club-6',
    clubName: 'Rivendell League Two Club 6',
    issueType: 'wage-mismatch',
    severity: 'critical',
    actual: 15.288461538461535,
    ledgered: 795,
    variance: 779.7115384615385,
    variancePercent: 5100.000000000002,
    message: 'Ledger reports Γé¼795/week wages but roster only commits Γé¼15/week (5100.0% variance)'
  },
  {
    clubId: 'rivendell-league-two-club-6',
    clubName: 'Rivendell League Two Club 6',
    issueType: 'budget-overcommit',
    severity: 'warning',
    actual: 9607562,
    ledgered: 75121577,
    variance: 65514015,
    variancePercent: 681.9005175298374,
    message: 'Transfer budget Γé¼75121577 exceeds available balance Γé¼9607562'
  },
  {
    clubId: 'rivendell-league-two-club-7',
    clubName: 'Rivendell League Two Club 7',
    issueType: 'wage-mismatch',
    severity: 'critical',
    actual: 14.98076923076923,
    ledgered: 779,
    variance: 764.0192307692307,
    variancePercent: 5100,
    message: 'Ledger reports Γé¼779/week wages but roster only commits Γé¼15/week (5100.0% variance)'
  },
  {
    clubId: 'rivendell-league-two-club-7',
    clubName: 'Rivendell League Two Club 7',
    issueType: 'budget-overcommit',
    severity: 'warning',
    actual: 9338526,
    ledgered: 54549515,
    variance: 45210989,
    variancePercent: 484.13410210562137,
    message: 'Transfer budget Γé¼54549515 exceeds available balance Γé¼9338526'
  },
  {
    clubId: 'rivendell-league-two-club-10',
    clubName: 'Rivendell League Two Club 10',
    issueType: 'wage-mismatch',
    severity: 'critical',
    actual: 16.53846153846154,
    ledgered: 34860,
    variance: 34843.46153846154,
    variancePercent: 210681.39534883722,
    message: 'Ledger reports Γé¼34860/week wages but roster only commits Γé¼17/week (210681.4% variance)'
  },
  {
    clubId: 'rivendell-league-two-club-10',
    clubName: 'Rivendell League Two Club 10',
    issueType: 'budget-overcommit',
    severity: 'warning',
    actual: 0,
    ledgered: 38362506,
    variance: 38362506,
    variancePercent: 3836250600,
    message: 'Transfer budget Γé¼38362506 exceeds available balance Γé¼0'
  },
  {
    clubId: 'rivendell-league-two-club-17',
    clubName: 'Rivendell League Two Club 17',
    issueType: 'wage-mismatch',
    severity: 'critical',
    actual: 16.307692307692307,
    ledgered: 37848,
    variance: 37831.692307692305,
    variancePercent: 231986.79245283018,
    message: 'Ledger reports Γé¼37848/week wages but roster only commits Γé¼16/week (231986.8% variance)'
  },
  {
    clubId: 'rivendell-league-two-club-17',
    clubName: 'Rivendell League Two Club 17',
    issueType: 'budget-overcommit',
    severity: 'warning',
    actual: 0,
    ledgered: 69763612,
    variance: 69763612,
    variancePercent: 6976361200,
    message: 'Transfer budget Γé¼69763612 exceeds available balance Γé¼0'
  },
  {
    clubId: 'rivendell-national-club-3',
    clubName: 'Rivendell National League Club 3',
    issueType: 'wage-mismatch',
    severity: 'critical',
    actual: 16.25,
    ledgered: 35845,
    variance: 35828.75,
    variancePercent: 220484.61538461538,
    message: 'Ledger reports Γé¼35845/week wages but roster only commits Γé¼16/week (220484.6% variance)'
  },
  {
    clubId: 'rivendell-national-club-3',
    clubName: 'Rivendell National League Club 3',
    issueType: 'budget-overcommit',
    severity: 'warning',
    actual: 0,
    ledgered: 70774970,
    variance: 70774970,
    variancePercent: 7077497000,
    message: 'Transfer budget Γé¼70774970 exceeds available balance Γé¼0'
  },
  {
    clubId: 'rivendell-national-club-5',
    clubName: 'Rivendell National League Club 5',
    issueType: 'wage-mismatch',
    severity: 'critical',
    actual: 16.519230769230766,
    ledgered: 34859,
    variance: 34842.480769230766,
    variancePercent: 210920.72176949942,
    message: 'Ledger reports Γé¼34859/week wages but roster only commits Γé¼17/week (210920.7% variance)'
  },
  {
    clubId: 'rivendell-national-club-5',
    clubName: 'Rivendell National League Club 5',
    issueType: 'budget-overcommit',
    severity: 'warning',
    actual: 0,
    ledgered: 86004031,
    variance: 86004031,
    variancePercent: 8600403100,
    message: 'Transfer budget Γé¼86004031 exceeds available balance Γé¼0'
  },
  {
    clubId: 'rivendell-national-club-7',
    clubName: 'Rivendell National League Club 7',
    issueType: 'wage-mismatch',
    severity: 'critical',
    actual: 15.057692307692308,
    ledgered: 783,
    variance: 767.9423076923077,
    variancePercent: 5100,
    message: 'Ledger reports Γé¼783/week wages but roster only commits Γé¼15/week (5100.0% variance)'
  },
  {
    clubId: 'rivendell-national-club-7',
    clubName: 'Rivendell National League Club 7',
    issueType: 'budget-overcommit',
    severity: 'warning',
    actual: 8010560,
    ledgered: 94520352,
    variance: 86509792,
    variancePercent: 1079.9468701314265,
    message: 'Transfer budget Γé¼94520352 exceeds available balance Γé¼8010560'
  },
  {
    clubId: 'rivendell-national-club-8',
    clubName: 'Rivendell National League Club 8',
    issueType: 'wage-mismatch',
    severity: 'critical',
    actual: 15.23076923076923,
    ledgered: 792,
    variance: 776.7692307692307,
    variancePercent: 5100,
    message: 'Ledger reports Γé¼792/week wages but roster only commits Γé¼15/week (5100.0% variance)'
  },
  {
    clubId: 'rivendell-national-club-8',
    clubName: 'Rivendell National League Club 8',
    issueType: 'budget-overcommit',
    severity: 'warning',
    actual: 8127523,
    ledgered: 50753965,
    variance: 42626442,
    variancePercent: 524.4702721850186,
    message: 'Transfer budget Γé¼50753965 exceeds available balance Γé¼8127523'
  },
  {
    clubId: 'rivendell-national-club-9',
    clubName: 'Rivendell National League Club 9',
    issueType: 'wage-mismatch',
    severity: 'critical',
    actual: 15.134615384615387,
    ledgered: 787,
    variance: 771.8653846153846,
    variancePercent: 5099.999999999999,
    message: 'Ledger reports Γé¼787/week wages but roster only commits Γé¼15/week (5100.0% variance)'
  },
  {
    clubId: 'rivendell-national-club-9',
    clubName: 'Rivendell National League Club 9',
    issueType: 'budget-overcommit',
    severity: 'warning',
    actual: 8244544,
    ledgered: 91203485,
    variance: 82958941,
    variancePercent: 1006.2283735765131,
    message: 'Transfer budget Γé¼91203485 exceeds available balance Γé¼8244544'
  },
  {
    clubId: 'rivendell-national-club-13',
    clubName: 'Rivendell National League Club 13',
    issueType: 'wage-mismatch',
    severity: 'critical',
    actual: 16.38461538461538,
    ledgered: 35852,
    variance: 35835.61538461538,
    variancePercent: 218715.02347417845,
    message: 'Ledger reports Γé¼35852/week wages but roster only commits Γé¼16/week (218715.0% variance)'
  },
  {
    clubId: 'rivendell-national-club-13',
    clubName: 'Rivendell National League Club 13',
    issueType: 'budget-overcommit',
    severity: 'warning',
    actual: 0,
    ledgered: 73758251,
    variance: 73758251,
    variancePercent: 7375825100,
    message: 'Transfer budget Γé¼73758251 exceeds available balance Γé¼0'
  },
  {
    clubId: 'norland-premier-club-1',
    clubName: 'Norland Premier League Club 1',
    issueType: 'wage-mismatch',
    severity: 'critical',
    actual: 15.134615384615387,
    ledgered: 787,
    variance: 771.8653846153846,
    variancePercent: 5099.999999999999,
    message: 'Ledger reports Γé¼787/week wages but roster only commits Γé¼15/week (5100.0% variance)'
  },
  {
    clubId: 'norland-premier-club-1',
    clubName: 'Norland Premier League Club 1',
    issueType: 'budget-overcommit',
    severity: 'warning',
    actual: 8478543,
    ledgered: 47628313,
    variance: 39149770,
    variancePercent: 461.7511522911425,
    message: 'Transfer budget Γé¼47628313 exceeds available balance Γé¼8478543'
  },
  {
    clubId: 'norland-premier-club-6',
    clubName: 'Norland Premier League Club 6',
    issueType: 'wage-mismatch',
    severity: 'critical',
    actual: 16.480769230769226,
    ledgered: 33857,
    variance: 33840.519230769234,
    variancePercent: 205333.37222870486,
    message: 'Ledger reports Γé¼33857/week wages but roster only commits Γé¼16/week (205333.4% variance)'
  },
  {
    clubId: 'norland-premier-club-6',
    clubName: 'Norland Premier League Club 6',
    issueType: 'budget-overcommit',
    severity: 'warning',
    actual: 0,
    ledgered: 36277728,
    variance: 36277728,
    variancePercent: 3627772800,
    message: 'Transfer budget Γé¼36277728 exceeds available balance Γé¼0'
  },
  {
    clubId: 'norland-premier-club-11',
    clubName: 'Norland Premier League Club 11',
    issueType: 'wage-mismatch',
    severity: 'critical',
    actual: 14.942307692307692,
    ledgered: 777,
    variance: 762.0576923076923,
    variancePercent: 5100,
    message: 'Ledger reports Γé¼777/week wages but roster only commits Γé¼15/week (5100.0% variance)'
  },
  {
    clubId: 'norland-premier-club-11',
    clubName: 'Norland Premier League Club 11',
    issueType: 'budget-overcommit',
    severity: 'warning',
    actual: 8010585,
    ledgered: 95353048,
    variance: 87342463,
    variancePercent: 1090.338133856641,
    message: 'Transfer budget Γé¼95353048 exceeds available balance Γé¼8010585'
  },
  {
    clubId: 'norland-championship-club-15',
    clubName: 'Norland Championship Club 15',
    issueType: 'wage-mismatch',
    severity: 'critical',
    actual: 15.576923076923075,
    ledgered: 33777,
    variance: 33761.42307692308,
    variancePercent: 216740.00000000006,
    message: 'Ledger reports Γé¼33777/week wages but roster only commits Γé¼16/week (216740.0% variance)'
  },
  {
    clubId: 'norland-championship-club-15',
    clubName: 'Norland Championship Club 15',
    issueType: 'budget-overcommit',
    severity: 'warning',
    actual: 1883084,
    ledgered: 80656440,
    variance: 78773356,
    variancePercent: 4183.20988336155,
    message: 'Transfer budget Γé¼80656440 exceeds available balance Γé¼1883084'
  },
  {
    clubId: 'norland-championship-club-17',
    clubName: 'Norland Championship Club 17',
    issueType: 'wage-mismatch',
    severity: 'critical',
    actual: 16.769230769230766,
    ledgered: 64840,
    variance: 64823.230769230766,
    variancePercent: 386560.55045871565,
    message: 'Ledger reports Γé¼64840/week wages but roster only commits Γé¼17/week (386560.6% variance)'
  },
  {
    clubId: 'norland-championship-club-17',
    clubName: 'Norland Championship Club 17',
    issueType: 'budget-overcommit',
    severity: 'warning',
    actual: 0,
    ledgered: 30426203,
    variance: 30426203,
    variancePercent: 3042620300,
    message: 'Transfer budget Γé¼30426203 exceeds available balance Γé¼0'
  },
  ... 534 more items
]

stderr | src/state/integration-season-flow.test.ts > Integration: Complete Season Flow > season completion applies manager evaluation
[Season Finalization] Ledger audit found 634 issues: [
  {
    clubId: 'westport-united',
    clubName: 'Westport United',
    issueType: 'wage-mismatch',
    severity: 'critical',
    actual: 461.53846153846155,
    ledgered: 24000,
    variance: 23538.46153846154,
    variancePercent: 5100,
    message: 'Ledger reports Γé¼24000/week wages but roster only commits Γé¼462/week (5100.0% variance)'
  },
  {
    clubId: 'westport-united',
    clubName: 'Westport United',
    issueType: 'budget-overcommit',
    severity: 'warning',
    actual: 0,
    ledgered: 57192028,
    variance: 57192028,
    variancePercent: 5719202800,
    message: 'Transfer budget Γé¼57192028 exceeds available balance Γé¼0'
  },
  {
    clubId: 'england-premier-club-2',
    clubName: 'England Premier League Club 2',
    issueType: 'wage-mismatch',
    severity: 'critical',
    actual: 15.153846153846153,
    ledgered: 788,
    variance: 772.8461538461538,
    variancePercent: 5100,
    message: 'Ledger reports Γé¼788/week wages but roster only commits Γé¼15/week (5100.0% variance)'
  },
  {
    clubId: 'england-premier-club-2',
    clubName: 'England Premier League Club 2',
    issueType: 'budget-overcommit',
    severity: 'warning',
    actual: 9742139,
    ledgered: 77068916,
    variance: 67326777,
    variancePercent: 691.0882404777842,
    message: 'Transfer budget Γé¼77068916 exceeds available balance Γé¼9742139'
  },
  {
    clubId: 'england-premier-club-6',
    clubName: 'England Premier League Club 6',
    issueType: 'wage-mismatch',
    severity: 'critical',
    actual: 16.307692307692307,
    ledgered: 33848,
    variance: 33831.692307692305,
    variancePercent: 207458.49056603774,
    message: 'Ledger reports Γé¼33848/week wages but roster only commits Γé¼16/week (207458.5% variance)'
  },
  {
    clubId: 'england-premier-club-6',
    clubName: 'England Premier League Club 6',
    issueType: 'budget-overcommit',
    severity: 'warning',
    actual: 0,
    ledgered: 38087387,
    variance: 38087387,
    variancePercent: 3808738700,
    message: 'Transfer budget Γé¼38087387 exceeds available balance Γé¼0'
  },
  {
    clubId: 'england-premier-club-11',
    clubName: 'England Premier League Club 11',
    issueType: 'wage-mismatch',
    severity: 'critical',
    actual: 15.076923076923077,
    ledgered: 784,
    variance: 768.9230769230769,
    variancePercent: 5100,
    message: 'Ledger reports Γé¼784/week wages but roster only commits Γé¼15/week (5100.0% variance)'
  },
  {
    clubId: 'england-premier-club-11',
    clubName: 'England Premier League Club 11',
    issueType: 'budget-overcommit',
    severity: 'warning',
    actual: 8934856,
    ledgered: 88453628,
    variance: 79518772,
    variancePercent: 889.9838117144808,
    message: 'Transfer budget Γé¼88453628 exceeds available balance Γé¼8934856'
  },
  {
    clubId: 'england-premier-club-12',
    clubName: 'England Premier League Club 12',
    issueType: 'wage-mismatch',
    severity: 'critical',
    actual: 16.423076923076923,
    ledgered: 32854,
    variance: 32837.57692307692,
    variancePercent: 199947.77517564403,
    message: 'Ledger reports Γé¼32854/week wages but roster only commits Γé¼16/week (199947.8% variance)'
  },
  {
    clubId: 'england-premier-club-12',
    clubName: 'England Premier League Club 12',
    issueType: 'budget-overcommit',
    severity: 'warning',
    actual: 0,
    ledgered: 40350301,
    variance: 40350301,
    variancePercent: 4035030100,
    message: 'Transfer budget Γé¼40350301 exceeds available balance Γé¼0'
  },
  {
    clubId: 'england-championship-club-4',
    clubName: 'England Championship Club 4',
    issueType: 'wage-mismatch',
    severity: 'critical',
    actual: 15.192307692307688,
    ledgered: 790,
    variance: 774.8076923076923,
    variancePercent: 5100.000000000002,
    message: 'Ledger reports Γé¼790/week wages but roster only commits Γé¼15/week (5100.0% variance)'
  },
  {
    clubId: 'england-championship-club-4',
    clubName: 'England Championship Club 4',
    issueType: 'budget-overcommit',
    severity: 'warning',
    actual: 8127534,
    ledgered: 67672524,
    variance: 59544990,
    variancePercent: 732.6329240825077,
    message: 'Transfer budget Γé¼67672524 exceeds available balance Γé¼8127534'
  },
  {
    clubId: 'england-championship-club-5',
    clubName: 'England Championship Club 5',
    issueType: 'wage-mismatch',
    severity: 'critical',
    actual: 15.01923076923077,
    ledgered: 781,
    variance: 765.9807692307693,
    variancePercent: 5100,
    message: 'Ledger reports Γé¼781/week wages but roster only commits Γé¼15/week (5100.0% variance)'
  },
  {
    clubId: 'england-championship-club-5',
    clubName: 'England Championship Club 5',
    issueType: 'budget-overcommit',
    severity: 'warning',
    actual: 8665770,
    ledgered: 72382883,
    variance: 63717113,
    variancePercent: 735.2735302229346,
    message: 'Transfer budget Γé¼72382883 exceeds available balance Γé¼8665770'
  },
  {
    clubId: 'england-championship-club-6',
    clubName: 'England Championship Club 6',
    issueType: 'wage-mismatch',
    severity: 'critical',
    actual: 14.923076923076923,
    ledgered: 776,
    variance: 761.0769230769231,
    variancePercent: 5100,
    message: 'Ledger reports Γé¼776/week wages but roster only commits Γé¼15/week (5100.0% variance)'
  },
  {
    clubId: 'england-championship-club-6',
    clubName: 'England Championship Club 6',
    issueType: 'budget-overcommit',
    severity: 'warning',
    actual: 9473087,
    ledgered: 91840467,
    variance: 82367380,
    variancePercent: 869.4882671298174,
    message: 'Transfer budget Γé¼91840467 exceeds available balance Γé¼9473087'
  },
  {
    clubId: 'england-championship-club-16',
    clubName: 'England Championship Club 16',
    issueType: 'wage-mismatch',
    severity: 'critical',
    actual: 15.69230769230769,
    ledgered: 33848,
    variance: 33832.307692307695,
    variancePercent: 215598.03921568632,
    message: 'Ledger reports Γé¼33848/week wages but roster only commits Γé¼16/week (215598.0% variance)'
  },
  {
    clubId: 'england-championship-club-16',
    clubName: 'England Championship Club 16',
    issueType: 'budget-overcommit',
    severity: 'warning',
    actual: 1192502,
    ledgered: 58272439,
    variance: 57079937,
    variancePercent: 4786.569498415935,
    message: 'Transfer budget Γé¼58272439 exceeds available balance Γé¼1192502'
  },
  {
    clubId: 'england-league-one-club-2',
    clubName: 'England League One Club 2',
    issueType: 'wage-mismatch',
    severity: 'critical',
    actual: 16.51923076923077,
    ledgered: 35859,
    variance: 35842.480769230766,
    variancePercent: 216974.27240977876,
    message: 'Ledger reports Γé¼35859/week wages but roster only commits Γé¼17/week (216974.3% variance)'
  },
  {
    clubId: 'england-league-one-club-2',
    clubName: 'England League One Club 2',
    issueType: 'budget-overcommit',
    severity: 'warning',
    actual: 0,
    ledgered: 89333755,
    variance: 89333755,
    variancePercent: 8933375500,
    message: 'Transfer budget Γé¼89333755 exceeds available balance Γé¼0'
  },
  {
    clubId: 'england-league-one-club-8',
    clubName: 'England League One Club 8',
    issueType: 'wage-mismatch',
    severity: 'critical',
    actual: 15.269230769230765,
    ledgered: 794,
    variance: 778.7307692307693,
    variancePercent: 5100.000000000002,
    message: 'Ledger reports Γé¼794/week wages but roster only commits Γé¼15/week (5100.0% variance)'
  },
  {
    clubId: 'england-league-one-club-8',
    clubName: 'England League One Club 8',
    issueType: 'budget-overcommit',
    severity: 'warning',
    actual: 8478516,
    ledgered: 88048314,
    variance: 79569798,
    variancePercent: 938.4873249044998,
    message: 'Transfer budget Γé¼88048314 exceeds available balance Γé¼8478516'
  },
  {
    clubId: 'england-league-one-club-12',
    clubName: 'England League One Club 12',
    issueType: 'wage-mismatch',
    severity: 'critical',
    actual: 16.42307692307692,
    ledgered: 32854,
    variance: 32837.57692307692,
    variancePercent: 199947.77517564406,
    message: 'Ledger reports Γé¼32854/week wages but roster only commits Γé¼16/week (199947.8% variance)'
  },
  {
    clubId: 'england-league-one-club-12',
    clubName: 'England League One Club 12',
    issueType: 'budget-overcommit',
    severity: 'warning',
    actual: 0,
    ledgered: 68465034,
    variance: 68465034,
    variancePercent: 6846503400,
    message: 'Transfer budget Γé¼68465034 exceeds available balance Γé¼0'
  },
  {
    clubId: 'england-league-one-club-18',
    clubName: 'England League One Club 18',
    issueType: 'wage-mismatch',
    severity: 'critical',
    actual: 15.038461538461535,
    ledgered: 782,
    variance: 766.9615384615385,
    variancePercent: 5100.000000000002,
    message: 'Ledger reports Γé¼782/week wages but roster only commits Γé¼15/week (5100.0% variance)'
  },
  {
    clubId: 'england-league-one-club-18',
    clubName: 'England League One Club 18',
    issueType: 'budget-overcommit',
    severity: 'warning',
    actual: 8478566,
    ledgered: 104811578,
    variance: 96333012,
    variancePercent: 1136.1946348002716,
    message: 'Transfer budget Γé¼104811578 exceeds available balance Γé¼8478566'
  },
  {
    clubId: 'england-league-two-club-12',
    clubName: 'England League Two Club 12',
    issueType: 'wage-mismatch',
    severity: 'critical',
    actual: 15.15384615384615,
    ledgered: 788,
    variance: 772.8461538461538,
    variancePercent: 5100.000000000002,
    message: 'Ledger reports Γé¼788/week wages but roster only commits Γé¼15/week (5100.0% variance)'
  },
  {
    clubId: 'england-league-two-club-12',
    clubName: 'England League Two Club 12',
    issueType: 'budget-overcommit',
    severity: 'warning',
    actual: 9203942,
    ledgered: 61060828,
    variance: 51856886,
    variancePercent: 563.4203909585697,
    message: 'Transfer budget Γé¼61060828 exceeds available balance Γé¼9203942'
  },
  {
    clubId: 'england-league-two-club-22',
    clubName: 'England League Two Club 22',
    issueType: 'wage-mismatch',
    severity: 'critical',
    actual: 15.038461538461538,
    ledgered: 782,
    variance: 766.9615384615385,
    variancePercent: 5100,
    message: 'Ledger reports Γé¼782/week wages but roster only commits Γé¼15/week (5100.0% variance)'
  },
  {
    clubId: 'england-league-two-club-22',
    clubName: 'England League Two Club 22',
    issueType: 'budget-overcommit',
    severity: 'warning',
    actual: 8531215,
    ledgered: 95168342,
    variance: 86637127,
    variancePercent: 1015.5309296507005,
    message: 'Transfer budget Γé¼95168342 exceeds available balance Γé¼8531215'
  },
  {
    clubId: 'england-national-club-7',
    clubName: 'England National League Club 7',
    issueType: 'wage-mismatch',
    severity: 'critical',
    actual: 16.499999999999996,
    ledgered: 36858,
    variance: 36841.5,
    variancePercent: 223281.81818181823,
    message: 'Ledger reports Γé¼36858/week wages but roster only commits Γé¼16/week (223281.8% variance)'
  },
  {
    clubId: 'england-national-club-7',
    clubName: 'England National League Club 7',
    issueType: 'budget-overcommit',
    severity: 'warning',
    actual: 0,
    ledgered: 68003624,
    variance: 68003624,
    variancePercent: 6800362400,
    message: 'Transfer budget Γé¼68003624 exceeds available balance Γé¼0'
  },
  {
    clubId: 'england-national-club-11',
    clubName: 'England National League Club 11',
    issueType: 'wage-mismatch',
    severity: 'critical',
    actual: 16.75,
    ledgered: 36871,
    variance: 36854.25,
    variancePercent: 220025.37313432834,
    message: 'Ledger reports Γé¼36871/week wages but roster only commits Γé¼17/week (220025.4% variance)'
  },
  {
    clubId: 'england-national-club-11',
    clubName: 'England National League Club 11',
    issueType: 'budget-overcommit',
    severity: 'warning',
    actual: 0,
    ledgered: 71051894,
    variance: 71051894,
    variancePercent: 7105189400,
    message: 'Transfer budget Γé¼71051894 exceeds available balance Γé¼0'
  },
  {
    clubId: 'england-national-club-16',
    clubName: 'England National League Club 16',
    issueType: 'wage-mismatch',
    severity: 'critical',
    actual: 14.307692307692307,
    ledgered: 780,
    variance: 765.6923076923077,
    variancePercent: 5351.612903225807,
    message: 'Ledger reports Γé¼780/week wages but roster only commits Γé¼14/week (5351.6% variance)'
  },
  {
    clubId: 'england-national-club-16',
    clubName: 'England National League Club 16',
    issueType: 'budget-overcommit',
    severity: 'warning',
    actual: 16785572,
    ledgered: 90325643,
    variance: 73540071,
    variancePercent: 438.1147749984332,
    message: 'Transfer budget Γé¼90325643 exceeds available balance Γé¼16785572'
  },
  {
    clubId: 'rivendell-premier-club-1',
    clubName: 'Rivendell Premier League Club 1',
    issueType: 'wage-mismatch',
    severity: 'critical',
    actual: 14.961538461538462,
    ledgered: 778,
    variance: 763.0384615384615,
    variancePercent: 5100,
    message: 'Ledger reports Γé¼778/week wages but roster only commits Γé¼15/week (5100.0% variance)'
  },
  {
    clubId: 'rivendell-premier-club-1',
    clubName: 'Rivendell Premier League Club 1',
    issueType: 'budget-overcommit',
    severity: 'warning',
    actual: 8127582,
    ledgered: 94933440,
    variance: 86805858,
    variancePercent: 1068.0403839665967,
    message: 'Transfer budget Γé¼94933440 exceeds available balance Γé¼8127582'
  },
  {
    clubId: 'rivendell-premier-club-9',
    clubName: 'Rivendell Premier League Club 9',
    issueType: 'wage-mismatch',
    severity: 'critical',
    actual: 16.28846153846154,
    ledgered: 33847,
    variance: 33830.71153846154,
    variancePercent: 207697.40259740257,
    message: 'Ledger reports Γé¼33847/week wages but roster only commits Γé¼16/week (207697.4% variance)'
  },
  {
    clubId: 'rivendell-premier-club-9',
    clubName: 'Rivendell Premier League Club 9',
    issueType: 'budget-overcommit',
    severity: 'warning',
    actual: 0,
    ledgered: 44098746,
    variance: 44098746,
    variancePercent: 4409874600,
    message: 'Transfer budget Γé¼44098746 exceeds available balance Γé¼0'
  },
  {
    clubId: 'rivendell-premier-club-10',
    clubName: 'Rivendell Premier League Club 10',
    issueType: 'wage-mismatch',
    severity: 'critical',
    actual: 14.999999999999998,
    ledgered: 780,
    variance: 765,
    variancePercent: 5100.000000000001,
    message: 'Ledger reports Γé¼780/week wages but roster only commits Γé¼15/week (5100.0% variance)'
  },
  {
    clubId: 'rivendell-premier-club-10',
    clubName: 'Rivendell Premier League Club 10',
    issueType: 'budget-overcommit',
    severity: 'warning',
    actual: 8800324,
    ledgered: 63071742,
    variance: 54271418,
    variancePercent: 616.6979533935341,
    message: 'Transfer budget Γé¼63071742 exceeds available balance Γé¼8800324'
  },
  {
    clubId: 'rivendell-premier-club-11',
    clubName: 'Rivendell Premier League Club 11',
    issueType: 'wage-mismatch',
    severity: 'critical',
    actual: 16.326923076923077,
    ledgered: 32849,
    variance: 32832.67307692308,
    variancePercent: 201095.28857479387,
    message: 'Ledger reports Γé¼32849/week wages but roster only commits Γé¼16/week (201095.3% variance)'
  },
  {
    clubId: 'rivendell-premier-club-11',
    clubName: 'Rivendell Premier League Club 11',
    issueType: 'budget-overcommit',
    severity: 'warning',
    actual: 0,
    ledgered: 45172764,
    variance: 45172764,
    variancePercent: 4517276400,
    message: 'Transfer budget Γé¼45172764 exceeds available balance Γé¼0'
  },
  {
    clubId: 'rivendell-premier-club-20',
    clubName: 'Rivendell Premier League Club 20',
    issueType: 'wage-mismatch',
    severity: 'critical',
    actual: 16.326923076923077,
    ledgered: 34849,
    variance: 34832.67307692308,
    variancePercent: 213344.99411071852,
    message: 'Ledger reports Γé¼34849/week wages but roster only commits Γé¼16/week (213345.0% variance)'
  },
  {
    clubId: 'rivendell-premier-club-20',
    clubName: 'Rivendell Premier League Club 20',
    issueType: 'budget-overcommit',
    severity: 'warning',
    actual: 0,
    ledgered: 59479621,
    variance: 59479621,
    variancePercent: 5947962100,
    message: 'Transfer budget Γé¼59479621 exceeds available balance Γé¼0'
  },
  {
    clubId: 'rivendell-championship-club-1',
    clubName: 'Rivendell Championship Club 1',
    issueType: 'wage-mismatch',
    severity: 'critical',
    actual: 15.326923076923078,
    ledgered: 797,
    variance: 781.6730769230769,
    variancePercent: 5099.999999999999,
    message: 'Ledger reports Γé¼797/week wages but roster only commits Γé¼15/week (5100.0% variance)'
  },
  {
    clubId: 'rivendell-championship-club-1',
    clubName: 'Rivendell Championship Club 1',
    issueType: 'budget-overcommit',
    severity: 'warning',
    actual: 8010503,
    ledgered: 69564778,
    variance: 61554275,
    variancePercent: 768.4195986194625,
    message: 'Transfer budget Γé¼69564778 exceeds available balance Γé¼8010503'
  },
  {
    clubId: 'rivendell-championship-club-3',
    clubName: 'Rivendell Championship Club 3',
    issueType: 'wage-mismatch',
    severity: 'critical',
    actual: 14.942307692307692,
    ledgered: 777,
    variance: 762.0576923076923,
    variancePercent: 5100,
    message: 'Ledger reports Γé¼777/week wages but roster only commits Γé¼15/week (5100.0% variance)'
  },
  {
    clubId: 'rivendell-championship-club-3',
    clubName: 'Rivendell Championship Club 3',
    issueType: 'budget-overcommit',
    severity: 'warning',
    actual: 7776584,
    ledgered: 61975767,
    variance: 54199183,
    variancePercent: 696.9536109942361,
    message: 'Transfer budget Γé¼61975767 exceeds available balance Γé¼7776584'
  },
  {
    clubId: 'rivendell-championship-club-5',
    clubName: 'Rivendell Championship Club 5',
    issueType: 'wage-mismatch',
    severity: 'critical',
    actual: 14.557692307692307,
    ledgered: 789,
    variance: 774.4423076923077,
    variancePercent: 5319.815059445179,
    message: 'Ledger reports Γé¼789/week wages but roster only commits Γé¼15/week (5319.8% variance)'
  },
  {
    clubId: 'rivendell-championship-club-5',
    clubName: 'Rivendell Championship Club 5',
    issueType: 'budget-overcommit',
    severity: 'warning',
    actual: 18084235,
    ledgered: 86057452,
    variance: 67973217,
    variancePercent: 375.87001606648,
    message: 'Transfer budget Γé¼86057452 exceeds available balance Γé¼18084235'
  },
  {
    clubId: 'rivendell-championship-club-12',
    clubName: 'Rivendell Championship Club 12',
    issueType: 'wage-mismatch',
    severity: 'critical',
    actual: 15.23076923076923,
    ledgered: 792,
    variance: 776.7692307692307,
    variancePercent: 5100,
    message: 'Ledger reports Γé¼792/week wages but roster only commits Γé¼15/week (5100.0% variance)'
  },
  {
    clubId: 'rivendell-championship-club-12',
    clubName: 'Rivendell Championship Club 12',
    issueType: 'budget-overcommit',
    severity: 'warning',
    actual: 8010523,
    ledgered: 56881422,
    variance: 48870899,
    variancePercent: 610.0837485891994,
    message: 'Transfer budget Γé¼56881422 exceeds available balance Γé¼8010523'
  },
  {
    clubId: 'rivendell-championship-club-13',
    clubName: 'Rivendell Championship Club 13',
    issueType: 'wage-mismatch',
    severity: 'critical',
    actual: 15.249999999999996,
    ledgered: 793,
    variance: 777.75,
    variancePercent: 5100.000000000002,
    message: 'Ledger reports Γé¼793/week wages but roster only commits Γé¼15/week (5100.0% variance)'
  },
  {
    clubId: 'rivendell-championship-club-13',
    clubName: 'Rivendell Championship Club 13',
    issueType: 'budget-overcommit',
    severity: 'warning',
    actual: 7542521,
    ledgered: 89580418,
    variance: 82037897,
    variancePercent: 1087.6721059179022,
    message: 'Transfer budget Γé¼89580418 exceeds available balance Γé¼7542521'
  },
  {
    clubId: 'rivendell-championship-club-14',
    clubName: 'Rivendell Championship Club 14',
    issueType: 'wage-mismatch',
    severity: 'critical',
    actual: 15.057692307692307,
    ledgered: 783,
    variance: 767.9423076923077,
    variancePercent: 5100.000000000001,
    message: 'Ledger reports Γé¼783/week wages but roster only commits Γé¼15/week (5100.0% variance)'
  },
  {
    clubId: 'rivendell-championship-club-14',
    clubName: 'Rivendell Championship Club 14',
    issueType: 'budget-overcommit',
    severity: 'warning',
    actual: 8361559,
    ledgered: 99392572,
    variance: 91031013,
    variancePercent: 1088.6846938471642,
    message: 'Transfer budget Γé¼99392572 exceeds available balance Γé¼8361559'
  },
  {
    clubId: 'rivendell-championship-club-18',
    clubName: 'Rivendell Championship Club 18',
    issueType: 'wage-mismatch',
    severity: 'critical',
    actual: 15.153846153846153,
    ledgered: 788,
    variance: 772.8461538461538,
    variancePercent: 5100,
    message: 'Ledger reports Γé¼788/week wages but roster only commits Γé¼15/week (5100.0% variance)'
  },
  {
    clubId: 'rivendell-championship-club-18',
    clubName: 'Rivendell Championship Club 18',
    issueType: 'budget-overcommit',
    severity: 'warning',
    actual: 8934840,
    ledgered: 52313142,
    variance: 43378302,
    variancePercent: 485.4961252803632,
    message: 'Transfer budget Γé¼52313142 exceeds available balance Γé¼8934840'
  },
  {
    clubId: 'rivendell-league-one-club-8',
    clubName: 'Rivendell League One Club 8',
    issueType: 'wage-mismatch',
    severity: 'critical',
    actual: 14.923076923076923,
    ledgered: 776,
    variance: 761.0769230769231,
    variancePercent: 5100,
    message: 'Ledger reports Γé¼776/week wages but roster only commits Γé¼15/week (5100.0% variance)'
  },
  {
    clubId: 'rivendell-league-one-club-8',
    clubName: 'Rivendell League One Club 8',
    issueType: 'budget-overcommit',
    severity: 'warning',
    actual: 8010587,
    ledgered: 85769716,
    variance: 77759129,
    variancePercent: 970.7045064238114,
    message: 'Transfer budget Γé¼85769716 exceeds available balance Γé¼8010587'
  },
  {
    clubId: 'rivendell-league-one-club-10',
    clubName: 'Rivendell League One Club 10',
    issueType: 'wage-mismatch',
    severity: 'critical',
    actual: 17.000000000000004,
    ledgered: 70850,
    variance: 70833,
    variancePercent: 416664.7058823529,
    message: 'Ledger reports Γé¼70850/week wages but roster only commits Γé¼17/week (416664.7% variance)'
  },
  {
    clubId: 'rivendell-league-one-club-10',
    clubName: 'Rivendell League One Club 10',
    issueType: 'budget-overcommit',
    severity: 'warning',
    actual: 0,
    ledgered: 47340334,
    variance: 47340334,
    variancePercent: 4734033400,
    message: 'Transfer budget Γé¼47340334 exceeds available balance Γé¼0'
  },
  {
    clubId: 'rivendell-league-one-club-13',
    clubName: 'Rivendell League One Club 13',
    issueType: 'wage-mismatch',
    severity: 'critical',
    actual: 15.115384615384615,
    ledgered: 786,
    variance: 770.8846153846154,
    variancePercent: 5100,
    message: 'Ledger reports Γé¼786/week wages but roster only commits Γé¼15/week (5100.0% variance)'
  },
  {
    clubId: 'rivendell-league-one-club-13',
    clubName: 'Rivendell League One Club 13',
    issueType: 'budget-overcommit',
    severity: 'warning',
    actual: 7776550,
    ledgered: 73474520,
    variance: 65697970,
    variancePercent: 844.8215468298924,
    message: 'Transfer budget Γé¼73474520 exceeds available balance Γé¼7776550'
  },
  {
    clubId: 'rivendell-league-one-club-14',
    clubName: 'Rivendell League One Club 14',
    issueType: 'wage-mismatch',
    severity: 'critical',
    actual: 15.384615384615383,
    ledgered: 800,
    variance: 784.6153846153846,
    variancePercent: 5100.000000000001,
    message: 'Ledger reports Γé¼800/week wages but roster only commits Γé¼15/week (5100.0% variance)'
  },
  {
    clubId: 'rivendell-league-one-club-14',
    clubName: 'Rivendell League One Club 14',
    issueType: 'budget-overcommit',
    severity: 'warning',
    actual: 9742094,
    ledgered: 86846992,
    variance: 77104898,
    variancePercent: 791.4612402631302,
    message: 'Transfer budget Γé¼86846992 exceeds available balance Γé¼9742094'
  },
  {
    clubId: 'rivendell-league-one-club-15',
    clubName: 'Rivendell League One Club 15',
    issueType: 'wage-mismatch',
    severity: 'critical',
    actual: 16.365384615384617,
    ledgered: 35851,
    variance: 35834.63461538462,
    variancePercent: 218966.03995299648,
    message: 'Ledger reports Γé¼35851/week wages but roster only commits Γé¼16/week (218966.0% variance)'
  },
  {
    clubId: 'rivendell-league-one-club-15',
    clubName: 'Rivendell League One Club 15',
    issueType: 'budget-overcommit',
    severity: 'warning',
    actual: 0,
    ledgered: 86632174,
    variance: 86632174,
    variancePercent: 8663217400,
    message: 'Transfer budget Γé¼86632174 exceeds available balance Γé¼0'
  },
  {
    clubId: 'rivendell-league-two-club-6',
    clubName: 'Rivendell League Two Club 6',
    issueType: 'wage-mismatch',
    severity: 'critical',
    actual: 15.288461538461535,
    ledgered: 795,
    variance: 779.7115384615385,
    variancePercent: 5100.000000000002,
    message: 'Ledger reports Γé¼795/week wages but roster only commits Γé¼15/week (5100.0% variance)'
  },
  {
    clubId: 'rivendell-league-two-club-6',
    clubName: 'Rivendell League Two Club 6',
    issueType: 'budget-overcommit',
    severity: 'warning',
    actual: 9607562,
    ledgered: 75129425,
    variance: 65521863,
    variancePercent: 681.9822031853658,
    message: 'Transfer budget Γé¼75129425 exceeds available balance Γé¼9607562'
  },
  {
    clubId: 'rivendell-league-two-club-7',
    clubName: 'Rivendell League Two Club 7',
    issueType: 'wage-mismatch',
    severity: 'critical',
    actual: 14.98076923076923,
    ledgered: 779,
    variance: 764.0192307692307,
    variancePercent: 5100,
    message: 'Ledger reports Γé¼779/week wages but roster only commits Γé¼15/week (5100.0% variance)'
  },
  {
    clubId: 'rivendell-league-two-club-7',
    clubName: 'Rivendell League Two Club 7',
    issueType: 'budget-overcommit',
    severity: 'warning',
    actual: 9338526,
    ledgered: 54554915,
    variance: 45216389,
    variancePercent: 484.19192707714257,
    message: 'Transfer budget Γé¼54554915 exceeds available balance Γé¼9338526'
  },
  {
    clubId: 'rivendell-league-two-club-10',
    clubName: 'Rivendell League Two Club 10',
    issueType: 'wage-mismatch',
    severity: 'critical',
    actual: 16.53846153846154,
    ledgered: 34860,
    variance: 34843.46153846154,
    variancePercent: 210681.39534883722,
    message: 'Ledger reports Γé¼34860/week wages but roster only commits Γé¼17/week (210681.4% variance)'
  },
  {
    clubId: 'rivendell-league-two-club-10',
    clubName: 'Rivendell League Two Club 10',
    issueType: 'budget-overcommit',
    severity: 'warning',
    actual: 0,
    ledgered: 38368050,
    variance: 38368050,
    variancePercent: 3836805000,
    message: 'Transfer budget Γé¼38368050 exceeds available balance Γé¼0'
  },
  {
    clubId: 'rivendell-league-two-club-17',
    clubName: 'Rivendell League Two Club 17',
    issueType: 'wage-mismatch',
    severity: 'critical',
    actual: 16.307692307692307,
    ledgered: 37848,
    variance: 37831.692307692305,
    variancePercent: 231986.79245283018,
    message: 'Ledger reports Γé¼37848/week wages but roster only commits Γé¼16/week (231986.8% variance)'
  },
  {
    clubId: 'rivendell-league-two-club-17',
    clubName: 'Rivendell League Two Club 17',
    issueType: 'budget-overcommit',
    severity: 'warning',
    actual: 0,
    ledgered: 69772972,
    variance: 69772972,
    variancePercent: 6977297200,
    message: 'Transfer budget Γé¼69772972 exceeds available balance Γé¼0'
  },
  {
    clubId: 'rivendell-national-club-3',
    clubName: 'Rivendell National League Club 3',
    issueType: 'wage-mismatch',
    severity: 'critical',
    actual: 16.25,
    ledgered: 35845,
    variance: 35828.75,
    variancePercent: 220484.61538461538,
    message: 'Ledger reports Γé¼35845/week wages but roster only commits Γé¼16/week (220484.6% variance)'
  },
  {
    clubId: 'rivendell-national-club-3',
    clubName: 'Rivendell National League Club 3',
    issueType: 'budget-overcommit',
    severity: 'warning',
    actual: 0,
    ledgered: 70784546,
    variance: 70784546,
    variancePercent: 7078454600,
    message: 'Transfer budget Γé¼70784546 exceeds available balance Γé¼0'
  },
  {
    clubId: 'rivendell-national-club-5',
    clubName: 'Rivendell National League Club 5',
    issueType: 'wage-mismatch',
    severity: 'critical',
    actual: 16.519230769230766,
    ledgered: 34859,
    variance: 34842.480769230766,
    variancePercent: 210920.72176949942,
    message: 'Ledger reports Γé¼34859/week wages but roster only commits Γé¼17/week (210920.7% variance)'
  },
  {
    clubId: 'rivendell-national-club-5',
    clubName: 'Rivendell National League Club 5',
    issueType: 'budget-overcommit',
    severity: 'warning',
    actual: 0,
    ledgered: 86015263,
    variance: 86015263,
    variancePercent: 8601526300,
    message: 'Transfer budget Γé¼86015263 exceeds available balance Γé¼0'
  },
  {
    clubId: 'rivendell-national-club-7',
    clubName: 'Rivendell National League Club 7',
    issueType: 'wage-mismatch',
    severity: 'critical',
    actual: 15.057692307692308,
    ledgered: 783,
    variance: 767.9423076923077,
    variancePercent: 5100,
    message: 'Ledger reports Γé¼783/week wages but roster only commits Γé¼15/week (5100.0% variance)'
  },
  {
    clubId: 'rivendell-national-club-7',
    clubName: 'Rivendell National League Club 7',
    issueType: 'budget-overcommit',
    severity: 'warning',
    actual: 8010560,
    ledgered: 94530720,
    variance: 86520160,
    variancePercent: 1080.0762992849438,
    message: 'Transfer budget Γé¼94530720 exceeds available balance Γé¼8010560'
  },
  {
    clubId: 'rivendell-national-club-8',
    clubName: 'Rivendell National League Club 8',
    issueType: 'wage-mismatch',
    severity: 'critical',
    actual: 15.23076923076923,
    ledgered: 792,
    variance: 776.7692307692307,
    variancePercent: 5100,
    message: 'Ledger reports Γé¼792/week wages but roster only commits Γé¼15/week (5100.0% variance)'
  },
  {
    clubId: 'rivendell-national-club-8',
    clubName: 'Rivendell National League Club 8',
    issueType: 'budget-overcommit',
    severity: 'warning',
    actual: 8127523,
    ledgered: 50759077,
    variance: 42631554,
    variancePercent: 524.533169577004,
    message: 'Transfer budget Γé¼50759077 exceeds available balance Γé¼8127523'
  },
  {
    clubId: 'rivendell-national-club-9',
    clubName: 'Rivendell National League Club 9',
    issueType: 'wage-mismatch',
    severity: 'critical',
    actual: 15.134615384615387,
    ledgered: 787,
    variance: 771.8653846153846,
    variancePercent: 5099.999999999999,
    message: 'Ledger reports Γé¼787/week wages but roster only commits Γé¼15/week (5100.0% variance)'
  },
  {
    clubId: 'rivendell-national-club-9',
    clubName: 'Rivendell National League Club 9',
    issueType: 'budget-overcommit',
    severity: 'warning',
    actual: 8244544,
    ledgered: 91213421,
    variance: 82968877,
    variancePercent: 1006.3488896414406,
    message: 'Transfer budget Γé¼91213421 exceeds available balance Γé¼8244544'
  },
  {
    clubId: 'rivendell-national-club-13',
    clubName: 'Rivendell National League Club 13',
    issueType: 'wage-mismatch',
    severity: 'critical',
    actual: 16.38461538461538,
    ledgered: 35852,
    variance: 35835.61538461538,
    variancePercent: 218715.02347417845,
    message: 'Ledger reports Γé¼35852/week wages but roster only commits Γé¼16/week (218715.0% variance)'
  },
  {
    clubId: 'rivendell-national-club-13',
    clubName: 'Rivendell National League Club 13',
    issueType: 'budget-overcommit',
    severity: 'warning',
    actual: 0,
    ledgered: 73768187,
    variance: 73768187,
    variancePercent: 7376818700,
    message: 'Transfer budget Γé¼73768187 exceeds available balance Γé¼0'
  },
  {
    clubId: 'norland-premier-club-1',
    clubName: 'Norland Premier League Club 1',
    issueType: 'wage-mismatch',
    severity: 'critical',
    actual: 15.134615384615387,
    ledgered: 787,
    variance: 771.8653846153846,
    variancePercent: 5099.999999999999,
    message: 'Ledger reports Γé¼787/week wages but roster only commits Γé¼15/week (5100.0% variance)'
  },
  {
    clubId: 'norland-premier-club-1',
    clubName: 'Norland Premier League Club 1',
    issueType: 'budget-overcommit',
    severity: 'warning',
    actual: 8478543,
    ledgered: 47632993,
    variance: 39154450,
    variancePercent: 461.80635045431745,
    message: 'Transfer budget Γé¼47632993 exceeds available balance Γé¼8478543'
  },
  {
    clubId: 'norland-premier-club-6',
    clubName: 'Norland Premier League Club 6',
    issueType: 'wage-mismatch',
    severity: 'critical',
    actual: 16.480769230769226,
    ledgered: 33857,
    variance: 33840.519230769234,
    variancePercent: 205333.37222870486,
    message: 'Ledger reports Γé¼33857/week wages but roster only commits Γé¼16/week (205333.4% variance)'
  },
  {
    clubId: 'norland-premier-club-6',
    clubName: 'Norland Premier League Club 6',
    issueType: 'budget-overcommit',
    severity: 'warning',
    actual: 0,
    ledgered: 36282984,
    variance: 36282984,
    variancePercent: 3628298400,
    message: 'Transfer budget Γé¼36282984 exceeds available balance Γé¼0'
  },
  {
    clubId: 'norland-premier-club-11',
    clubName: 'Norland Premier League Club 11',
    issueType: 'wage-mismatch',
    severity: 'critical',
    actual: 14.942307692307692,
    ledgered: 777,
    variance: 762.0576923076923,
    variancePercent: 5100,
    message: 'Ledger reports Γé¼777/week wages but roster only commits Γé¼15/week (5100.0% variance)'
  },
  {
    clubId: 'norland-premier-club-11',
    clubName: 'Norland Premier League Club 11',
    issueType: 'budget-overcommit',
    severity: 'warning',
    actual: 8010585,
    ledgered: 95363488,
    variance: 87352903,
    variancePercent: 1090.4684614169878,
    message: 'Transfer budget Γé¼95363488 exceeds available balance Γé¼8010585'
  },
  {
    clubId: 'norland-championship-club-15',
    clubName: 'Norland Championship Club 15',
    issueType: 'wage-mismatch',
    severity: 'critical',
    actual: 15.576923076923075,
    ledgered: 33777,
    variance: 33761.42307692308,
    variancePercent: 216740.00000000006,
    message: 'Ledger reports Γé¼33777/week wages but roster only commits Γé¼16/week (216740.0% variance)'
  },
  {
    clubId: 'norland-championship-club-15',
    clubName: 'Norland Championship Club 15',
    issueType: 'budget-overcommit',
    severity: 'warning',
    actual: 1883084,
    ledgered: 80665872,
    variance: 78782788,
    variancePercent: 4183.710763832097,
    message: 'Transfer budget Γé¼80665872 exceeds available balance Γé¼1883084'
  },
  {
    clubId: 'norland-championship-club-17',
    clubName: 'Norland Championship Club 17',
    issueType: 'wage-mismatch',
    severity: 'critical',
    actual: 16.769230769230766,
    ledgered: 64840,
    variance: 64823.230769230766,
    variancePercent: 386560.55045871565,
    message: 'Ledger reports Γé¼64840/week wages but roster only commits Γé¼17/week (386560.6% variance)'
  },
  {
    clubId: 'norland-championship-club-17',
    clubName: 'Norland Championship Club 17',
    issueType: 'budget-overcommit',
    severity: 'warning',
    actual: 0,
    ledgered: 30431891,
    variance: 30431891,
    variancePercent: 3043189100,
    message: 'Transfer budget Γé¼30431891 exceeds available balance Γé¼0'
  },
  ... 534 more items
]

stderr | src/state/integration-season-flow.test.ts > Integration: Complete Season Flow > new season has fresh fixtures
[Season Finalization] Ledger audit found 634 issues: [
  {
    clubId: 'westport-united',
    clubName: 'Westport United',
    issueType: 'wage-mismatch',
    severity: 'critical',
    actual: 461.53846153846155,
    ledgered: 24000,
    variance: 23538.46153846154,
    variancePercent: 5100,
    message: 'Ledger reports Γé¼24000/week wages but roster only commits Γé¼462/week (5100.0% variance)'
  },
  {
    clubId: 'westport-united',
    clubName: 'Westport United',
    issueType: 'budget-overcommit',
    severity: 'warning',
    actual: 0,
    ledgered: 57187093,
    variance: 57187093,
    variancePercent: 5718709300,
    message: 'Transfer budget Γé¼57187093 exceeds available balance Γé¼0'
  },
  {
    clubId: 'england-premier-club-2',
    clubName: 'England Premier League Club 2',
    issueType: 'wage-mismatch',
    severity: 'critical',
    actual: 15.153846153846153,
    ledgered: 788,
    variance: 772.8461538461538,
    variancePercent: 5100,
    message: 'Ledger reports Γé¼788/week wages but roster only commits Γé¼15/week (5100.0% variance)'
  },
  {
    clubId: 'england-premier-club-2',
    clubName: 'England Premier League Club 2',
    issueType: 'budget-overcommit',
    severity: 'warning',
    actual: 9742139,
    ledgered: 77060852,
    variance: 67318713,
    variancePercent: 691.005466048062,
    message: 'Transfer budget Γé¼77060852 exceeds available balance Γé¼9742139'
  },
  {
    clubId: 'england-premier-club-6',
    clubName: 'England Premier League Club 6',
    issueType: 'wage-mismatch',
    severity: 'critical',
    actual: 16.307692307692307,
    ledgered: 33848,
    variance: 33831.692307692305,
    variancePercent: 207458.49056603774,
    message: 'Ledger reports Γé¼33848/week wages but roster only commits Γé¼16/week (207458.5% variance)'
  },
  {
    clubId: 'england-premier-club-6',
    clubName: 'England Premier League Club 6',
    issueType: 'budget-overcommit',
    severity: 'warning',
    actual: 0,
    ledgered: 38081915,
    variance: 38081915,
    variancePercent: 3808191500,
    message: 'Transfer budget Γé¼38081915 exceeds available balance Γé¼0'
  },
  {
    clubId: 'england-premier-club-11',
    clubName: 'England Premier League Club 11',
    issueType: 'wage-mismatch',
    severity: 'critical',
    actual: 15.076923076923077,
    ledgered: 784,
    variance: 768.9230769230769,
    variancePercent: 5100,
    message: 'Ledger reports Γé¼784/week wages but roster only commits Γé¼15/week (5100.0% variance)'
  },
  {
    clubId: 'england-premier-club-11',
    clubName: 'England Premier League Club 11',
    issueType: 'budget-overcommit',
    severity: 'warning',
    actual: 8934856,
    ledgered: 88444124,
    variance: 79509268,
    variancePercent: 889.8774417852957,
    message: 'Transfer budget Γé¼88444124 exceeds available balance Γé¼8934856'
  },
  {
    clubId: 'england-premier-club-12',
    clubName: 'England Premier League Club 12',
    issueType: 'wage-mismatch',
    severity: 'critical',
    actual: 16.423076923076923,
    ledgered: 32854,
    variance: 32837.57692307692,
    variancePercent: 199947.77517564403,
    message: 'Ledger reports Γé¼32854/week wages but roster only commits Γé¼16/week (199947.8% variance)'
  },
  {
    clubId: 'england-premier-club-12',
    clubName: 'England Premier League Club 12',
    issueType: 'budget-overcommit',
    severity: 'warning',
    actual: 0,
    ledgered: 40344469,
    variance: 40344469,
    variancePercent: 4034446900,
    message: 'Transfer budget Γé¼40344469 exceeds available balance Γé¼0'
  },
  {
    clubId: 'england-championship-club-4',
    clubName: 'England Championship Club 4',
    issueType: 'wage-mismatch',
    severity: 'critical',
    actual: 15.192307692307688,
    ledgered: 790,
    variance: 774.8076923076923,
    variancePercent: 5100.000000000002,
    message: 'Ledger reports Γé¼790/week wages but roster only commits Γé¼15/week (5100.0% variance)'
  },
  {
    clubId: 'england-championship-club-4',
    clubName: 'England Championship Club 4',
    issueType: 'budget-overcommit',
    severity: 'warning',
    actual: 8127534,
    ledgered: 67665396,
    variance: 59537862,
    variancePercent: 732.5452222039305,
    message: 'Transfer budget Γé¼67665396 exceeds available balance Γé¼8127534'
  },
  {
    clubId: 'england-championship-club-5',
    clubName: 'England Championship Club 5',
    issueType: 'wage-mismatch',
    severity: 'critical',
    actual: 15.01923076923077,
    ledgered: 781,
    variance: 765.9807692307693,
    variancePercent: 5100,
    message: 'Ledger reports Γé¼781/week wages but roster only commits Γé¼15/week (5100.0% variance)'
  },
  {
    clubId: 'england-championship-club-5',
    clubName: 'England Championship Club 5',
    issueType: 'budget-overcommit',
    severity: 'warning',
    actual: 8665770,
    ledgered: 72375251,
    variance: 63709481,
    variancePercent: 735.1854595725481,
    message: 'Transfer budget Γé¼72375251 exceeds available balance Γé¼8665770'
  },
  {
    clubId: 'england-championship-club-6',
    clubName: 'England Championship Club 6',
    issueType: 'wage-mismatch',
    severity: 'critical',
    actual: 14.923076923076923,
    ledgered: 776,
    variance: 761.0769230769231,
    variancePercent: 5100,
    message: 'Ledger reports Γé¼776/week wages but roster only commits Γé¼15/week (5100.0% variance)'
  },
  {
    clubId: 'england-championship-club-6',
    clubName: 'England Championship Club 6',
    issueType: 'budget-overcommit',
    severity: 'warning',
    actual: 9473087,
    ledgered: 91830603,
    variance: 82357516,
    variancePercent: 869.3841405657944,
    message: 'Transfer budget Γé¼91830603 exceeds available balance Γé¼9473087'
  },
  {
    clubId: 'england-championship-club-16',
    clubName: 'England Championship Club 16',
    issueType: 'wage-mismatch',
    severity: 'critical',
    actual: 15.69230769230769,
    ledgered: 33848,
    variance: 33832.307692307695,
    variancePercent: 215598.03921568632,
    message: 'Ledger reports Γé¼33848/week wages but roster only commits Γé¼16/week (215598.0% variance)'
  },
  {
    clubId: 'england-championship-club-16',
    clubName: 'England Championship Club 16',
    issueType: 'budget-overcommit',
    severity: 'warning',
    actual: 1192502,
    ledgered: 58265599,
    variance: 57073097,
    variancePercent: 4785.995914472261,
    message: 'Transfer budget Γé¼58265599 exceeds available balance Γé¼1192502'
  },
  {
    clubId: 'england-league-one-club-2',
    clubName: 'England League One Club 2',
    issueType: 'wage-mismatch',
    severity: 'critical',
    actual: 16.51923076923077,
    ledgered: 35859,
    variance: 35842.480769230766,
    variancePercent: 216974.27240977876,
    message: 'Ledger reports Γé¼35859/week wages but roster only commits Γé¼17/week (216974.3% variance)'
  },
  {
    clubId: 'england-league-one-club-2',
    clubName: 'England League One Club 2',
    issueType: 'budget-overcommit',
    severity: 'warning',
    actual: 0,
    ledgered: 89322091,
    variance: 89322091,
    variancePercent: 8932209100,
    message: 'Transfer budget Γé¼89322091 exceeds available balance Γé¼0'
  },
  {
    clubId: 'england-league-one-club-8',
    clubName: 'England League One Club 8',
    issueType: 'wage-mismatch',
    severity: 'critical',
    actual: 15.269230769230765,
    ledgered: 794,
    variance: 778.7307692307693,
    variancePercent: 5100.000000000002,
    message: 'Ledger reports Γé¼794/week wages but roster only commits Γé¼15/week (5100.0% variance)'
  },
  {
    clubId: 'england-league-one-club-8',
    clubName: 'England League One Club 8',
    issueType: 'budget-overcommit',
    severity: 'warning',
    actual: 8478516,
    ledgered: 88038810,
    variance: 79560294,
    variancePercent: 938.3752298161612,
    message: 'Transfer budget Γé¼88038810 exceeds available balance Γé¼8478516'
  },
  {
    clubId: 'england-league-one-club-12',
    clubName: 'England League One Club 12',
    issueType: 'wage-mismatch',
    severity: 'critical',
    actual: 16.42307692307692,
    ledgered: 32854,
    variance: 32837.57692307692,
    variancePercent: 199947.77517564406,
    message: 'Ledger reports Γé¼32854/week wages but roster only commits Γé¼16/week (199947.8% variance)'
  },
  {
    clubId: 'england-league-one-club-12',
    clubName: 'England League One Club 12',
    issueType: 'budget-overcommit',
    severity: 'warning',
    actual: 0,
    ledgered: 68455962,
    variance: 68455962,
    variancePercent: 6845596200,
    message: 'Transfer budget Γé¼68455962 exceeds available balance Γé¼0'
  },
  {
    clubId: 'england-league-one-club-18',
    clubName: 'England League One Club 18',
    issueType: 'wage-mismatch',
    severity: 'critical',
    actual: 15.038461538461535,
    ledgered: 782,
    variance: 766.9615384615385,
    variancePercent: 5100.000000000002,
    message: 'Ledger reports Γé¼782/week wages but roster only commits Γé¼15/week (5100.0% variance)'
  },
  {
    clubId: 'england-league-one-club-18',
    clubName: 'England League One Club 18',
    issueType: 'budget-overcommit',
    severity: 'warning',
    actual: 8478566,
    ledgered: 104800058,
    variance: 96321492,
    variancePercent: 1136.0587627671944,
    message: 'Transfer budget Γé¼104800058 exceeds available balance Γé¼8478566'
  },
  {
    clubId: 'england-league-two-club-12',
    clubName: 'England League Two Club 12',
    issueType: 'wage-mismatch',
    severity: 'critical',
    actual: 15.15384615384615,
    ledgered: 788,
    variance: 772.8461538461538,
    variancePercent: 5100.000000000002,
    message: 'Ledger reports Γé¼788/week wages but roster only commits Γé¼15/week (5100.0% variance)'
  },
  {
    clubId: 'england-league-two-club-12',
    clubName: 'England League Two Club 12',
    issueType: 'budget-overcommit',
    severity: 'warning',
    actual: 9203942,
    ledgered: 61054636,
    variance: 51850694,
    variancePercent: 563.3531154368421,
    message: 'Transfer budget Γé¼61054636 exceeds available balance Γé¼9203942'
  },
  {
    clubId: 'england-league-two-club-22',
    clubName: 'England League Two Club 22',
    issueType: 'wage-mismatch',
    severity: 'critical',
    actual: 15.038461538461538,
    ledgered: 782,
    variance: 766.9615384615385,
    variancePercent: 5100,
    message: 'Ledger reports Γé¼782/week wages but roster only commits Γé¼15/week (5100.0% variance)'
  },
  {
    clubId: 'england-league-two-club-22',
    clubName: 'England League Two Club 22',
    issueType: 'budget-overcommit',
    severity: 'warning',
    actual: 8531215,
    ledgered: 95157974,
    variance: 86626759,
    variancePercent: 1015.4093994817854,
    message: 'Transfer budget Γé¼95157974 exceeds available balance Γé¼8531215'
  },
  {
    clubId: 'england-national-club-7',
    clubName: 'England National League Club 7',
    issueType: 'wage-mismatch',
    severity: 'critical',
    actual: 16.499999999999996,
    ledgered: 36858,
    variance: 36841.5,
    variancePercent: 223281.81818181823,
    message: 'Ledger reports Γé¼36858/week wages but roster only commits Γé¼16/week (223281.8% variance)'
  },
  {
    clubId: 'england-national-club-7',
    clubName: 'England National League Club 7',
    issueType: 'budget-overcommit',
    severity: 'warning',
    actual: 0,
    ledgered: 67994336,
    variance: 67994336,
    variancePercent: 6799433600,
    message: 'Transfer budget Γé¼67994336 exceeds available balance Γé¼0'
  },
  {
    clubId: 'england-national-club-11',
    clubName: 'England National League Club 11',
    issueType: 'wage-mismatch',
    severity: 'critical',
    actual: 16.75,
    ledgered: 36871,
    variance: 36854.25,
    variancePercent: 220025.37313432834,
    message: 'Ledger reports Γé¼36871/week wages but roster only commits Γé¼17/week (220025.4% variance)'
  },
  {
    clubId: 'england-national-club-11',
    clubName: 'England National League Club 11',
    issueType: 'budget-overcommit',
    severity: 'warning',
    actual: 0,
    ledgered: 71042390,
    variance: 71042390,
    variancePercent: 7104239000,
    message: 'Transfer budget Γé¼71042390 exceeds available balance Γé¼0'
  },
  {
    clubId: 'england-national-club-16',
    clubName: 'England National League Club 16',
    issueType: 'wage-mismatch',
    severity: 'critical',
    actual: 14.307692307692307,
    ledgered: 780,
    variance: 765.6923076923077,
    variancePercent: 5351.612903225807,
    message: 'Ledger reports Γé¼780/week wages but roster only commits Γé¼14/week (5351.6% variance)'
  },
  {
    clubId: 'england-national-club-16',
    clubName: 'England National League Club 16',
    issueType: 'budget-overcommit',
    severity: 'warning',
    actual: 16785572,
    ledgered: 90316859,
    variance: 73531287,
    variancePercent: 438.0624443420814,
    message: 'Transfer budget Γé¼90316859 exceeds available balance Γé¼16785572'
  },
  {
    clubId: 'rivendell-premier-club-1',
    clubName: 'Rivendell Premier League Club 1',
    issueType: 'wage-mismatch',
    severity: 'critical',
    actual: 14.961538461538462,
    ledgered: 778,
    variance: 763.0384615384615,
    variancePercent: 5100,
    message: 'Ledger reports Γé¼778/week wages but roster only commits Γé¼15/week (5100.0% variance)'
  },
  {
    clubId: 'rivendell-premier-club-1',
    clubName: 'Rivendell Premier League Club 1',
    issueType: 'budget-overcommit',
    severity: 'warning',
    actual: 8127582,
    ledgered: 94923072,
    variance: 86795490,
    variancePercent: 1067.9128183511405,
    message: 'Transfer budget Γé¼94923072 exceeds available balance Γé¼8127582'
  },
  {
    clubId: 'rivendell-premier-club-9',
    clubName: 'Rivendell Premier League Club 9',
    issueType: 'wage-mismatch',
    severity: 'critical',
    actual: 16.28846153846154,
    ledgered: 33847,
    variance: 33830.71153846154,
    variancePercent: 207697.40259740257,
    message: 'Ledger reports Γé¼33847/week wages but roster only commits Γé¼16/week (207697.4% variance)'
  },
  {
    clubId: 'rivendell-premier-club-9',
    clubName: 'Rivendell Premier League Club 9',
    issueType: 'budget-overcommit',
    severity: 'warning',
    actual: 0,
    ledgered: 44092554,
    variance: 44092554,
    variancePercent: 4409255400,
    message: 'Transfer budget Γé¼44092554 exceeds available balance Γé¼0'
  },
  {
    clubId: 'rivendell-premier-club-10',
    clubName: 'Rivendell Premier League Club 10',
    issueType: 'wage-mismatch',
    severity: 'critical',
    actual: 14.999999999999998,
    ledgered: 780,
    variance: 765,
    variancePercent: 5100.000000000001,
    message: 'Ledger reports Γé¼780/week wages but roster only commits Γé¼15/week (5100.0% variance)'
  },
  {
    clubId: 'rivendell-premier-club-10',
    clubName: 'Rivendell Premier League Club 10',
    issueType: 'budget-overcommit',
    severity: 'warning',
    actual: 8800324,
    ledgered: 63065262,
    variance: 54264938,
    variancePercent: 616.624319740955,
    message: 'Transfer budget Γé¼63065262 exceeds available balance Γé¼8800324'
  },
  {
    clubId: 'rivendell-premier-club-11',
    clubName: 'Rivendell Premier League Club 11',
    issueType: 'wage-mismatch',
    severity: 'critical',
    actual: 16.326923076923077,
    ledgered: 32849,
    variance: 32832.67307692308,
    variancePercent: 201095.28857479387,
    message: 'Ledger reports Γé¼32849/week wages but roster only commits Γé¼16/week (201095.3% variance)'
  },
  {
    clubId: 'rivendell-premier-club-11',
    clubName: 'Rivendell Premier League Club 11',
    issueType: 'budget-overcommit',
    severity: 'warning',
    actual: 0,
    ledgered: 45166356,
    variance: 45166356,
    variancePercent: 4516635600,
    message: 'Transfer budget Γé¼45166356 exceeds available balance Γé¼0'
  },
  {
    clubId: 'rivendell-premier-club-20',
    clubName: 'Rivendell Premier League Club 20',
    issueType: 'wage-mismatch',
    severity: 'critical',
    actual: 16.326923076923077,
    ledgered: 34849,
    variance: 34832.67307692308,
    variancePercent: 213344.99411071852,
    message: 'Ledger reports Γé¼34849/week wages but roster only commits Γé¼16/week (213345.0% variance)'
  },
  {
    clubId: 'rivendell-premier-club-20',
    clubName: 'Rivendell Premier League Club 20',
    issueType: 'budget-overcommit',
    severity: 'warning',
    actual: 0,
    ledgered: 59471413,
    variance: 59471413,
    variancePercent: 5947141300,
    message: 'Transfer budget Γé¼59471413 exceeds available balance Γé¼0'
  },
  {
    clubId: 'rivendell-championship-club-1',
    clubName: 'Rivendell Championship Club 1',
    issueType: 'wage-mismatch',
    severity: 'critical',
    actual: 15.326923076923078,
    ledgered: 797,
    variance: 781.6730769230769,
    variancePercent: 5099.999999999999,
    message: 'Ledger reports Γé¼797/week wages but roster only commits Γé¼15/week (5100.0% variance)'
  },
  {
    clubId: 'rivendell-championship-club-1',
    clubName: 'Rivendell Championship Club 1',
    issueType: 'budget-overcommit',
    severity: 'warning',
    actual: 8010503,
    ledgered: 69557434,
    variance: 61546931,
    variancePercent: 768.3279189833647,
    message: 'Transfer budget Γé¼69557434 exceeds available balance Γé¼8010503'
  },
  {
    clubId: 'rivendell-championship-club-3',
    clubName: 'Rivendell Championship Club 3',
    issueType: 'wage-mismatch',
    severity: 'critical',
    actual: 14.942307692307692,
    ledgered: 777,
    variance: 762.0576923076923,
    variancePercent: 5100,
    message: 'Ledger reports Γé¼777/week wages but roster only commits Γé¼15/week (5100.0% variance)'
  },
  {
    clubId: 'rivendell-championship-club-3',
    clubName: 'Rivendell Championship Club 3',
    issueType: 'budget-overcommit',
    severity: 'warning',
    actual: 7776584,
    ledgered: 61969287,
    variance: 54192703,
    variancePercent: 696.870283919006,
    message: 'Transfer budget Γé¼61969287 exceeds available balance Γé¼7776584'
  },
  {
    clubId: 'rivendell-championship-club-5',
    clubName: 'Rivendell Championship Club 5',
    issueType: 'wage-mismatch',
    severity: 'critical',
    actual: 14.557692307692307,
    ledgered: 789,
    variance: 774.4423076923077,
    variancePercent: 5319.815059445179,
    message: 'Ledger reports Γé¼789/week wages but roster only commits Γé¼15/week (5319.8% variance)'
  },
  {
    clubId: 'rivendell-championship-club-5',
    clubName: 'Rivendell Championship Club 5',
    issueType: 'budget-overcommit',
    severity: 'warning',
    actual: 18084235,
    ledgered: 86049316,
    variance: 67965081,
    variancePercent: 375.82502660466423,
    message: 'Transfer budget Γé¼86049316 exceeds available balance Γé¼18084235'
  },
  {
    clubId: 'rivendell-championship-club-12',
    clubName: 'Rivendell Championship Club 12',
    issueType: 'wage-mismatch',
    severity: 'critical',
    actual: 15.23076923076923,
    ledgered: 792,
    variance: 776.7692307692307,
    variancePercent: 5100,
    message: 'Ledger reports Γé¼792/week wages but roster only commits Γé¼15/week (5100.0% variance)'
  },
  {
    clubId: 'rivendell-championship-club-12',
    clubName: 'Rivendell Championship Club 12',
    issueType: 'budget-overcommit',
    severity: 'warning',
    actual: 8010523,
    ledgered: 56875590,
    variance: 48865067,
    variancePercent: 610.0109443540703,
    message: 'Transfer budget Γé¼56875590 exceeds available balance Γé¼8010523'
  },
  {
    clubId: 'rivendell-championship-club-13',
    clubName: 'Rivendell Championship Club 13',
    issueType: 'wage-mismatch',
    severity: 'critical',
    actual: 15.249999999999996,
    ledgered: 793,
    variance: 777.75,
    variancePercent: 5100.000000000002,
    message: 'Ledger reports Γé¼793/week wages but roster only commits Γé¼15/week (5100.0% variance)'
  },
  {
    clubId: 'rivendell-championship-club-13',
    clubName: 'Rivendell Championship Club 13',
    issueType: 'budget-overcommit',
    severity: 'warning',
    actual: 7542521,
    ledgered: 89570626,
    variance: 82028105,
    variancePercent: 1087.5422819505573,
    message: 'Transfer budget Γé¼89570626 exceeds available balance Γé¼7542521'
  },
  {
    clubId: 'rivendell-championship-club-14',
    clubName: 'Rivendell Championship Club 14',
    issueType: 'wage-mismatch',
    severity: 'critical',
    actual: 15.057692307692307,
    ledgered: 783,
    variance: 767.9423076923077,
    variancePercent: 5100.000000000001,
    message: 'Ledger reports Γé¼783/week wages but roster only commits Γé¼15/week (5100.0% variance)'
  },
  {
    clubId: 'rivendell-championship-club-14',
    clubName: 'Rivendell Championship Club 14',
    issueType: 'budget-overcommit',
    severity: 'warning',
    actual: 8361559,
    ledgered: 99381700,
    variance: 91020141,
    variancePercent: 1088.554670247498,
    message: 'Transfer budget Γé¼99381700 exceeds available balance Γé¼8361559'
  },
  {
    clubId: 'rivendell-championship-club-18',
    clubName: 'Rivendell Championship Club 18',
    issueType: 'wage-mismatch',
    severity: 'critical',
    actual: 15.153846153846153,
    ledgered: 788,
    variance: 772.8461538461538,
    variancePercent: 5100,
    message: 'Ledger reports Γé¼788/week wages but roster only commits Γé¼15/week (5100.0% variance)'
  },
  {
    clubId: 'rivendell-championship-club-18',
    clubName: 'Rivendell Championship Club 18',
    issueType: 'budget-overcommit',
    severity: 'warning',
    actual: 8934840,
    ledgered: 52307958,
    variance: 43373118,
    variancePercent: 485.43810521509056,
    message: 'Transfer budget Γé¼52307958 exceeds available balance Γé¼8934840'
  },
  {
    clubId: 'rivendell-league-one-club-8',
    clubName: 'Rivendell League One Club 8',
    issueType: 'wage-mismatch',
    severity: 'critical',
    actual: 14.923076923076923,
    ledgered: 776,
    variance: 761.0769230769231,
    variancePercent: 5100,
    message: 'Ledger reports Γé¼776/week wages but roster only commits Γé¼15/week (5100.0% variance)'
  },
  {
    clubId: 'rivendell-league-one-club-8',
    clubName: 'Rivendell League One Club 8',
    issueType: 'budget-overcommit',
    severity: 'warning',
    actual: 8010587,
    ledgered: 85760428,
    variance: 77749841,
    variancePercent: 970.5885598645892,
    message: 'Transfer budget Γé¼85760428 exceeds available balance Γé¼8010587'
  },
  {
    clubId: 'rivendell-league-one-club-10',
    clubName: 'Rivendell League One Club 10',
    issueType: 'wage-mismatch',
    severity: 'critical',
    actual: 17.000000000000004,
    ledgered: 70850,
    variance: 70833,
    variancePercent: 416664.7058823529,
    message: 'Ledger reports Γé¼70850/week wages but roster only commits Γé¼17/week (416664.7% variance)'
  },
  {
    clubId: 'rivendell-league-one-club-10',
    clubName: 'Rivendell League One Club 10',
    issueType: 'budget-overcommit',
    severity: 'warning',
    actual: 0,
    ledgered: 47332414,
    variance: 47332414,
    variancePercent: 4733241400,
    message: 'Transfer budget Γé¼47332414 exceeds available balance Γé¼0'
  },
  {
    clubId: 'rivendell-league-one-club-13',
    clubName: 'Rivendell League One Club 13',
    issueType: 'wage-mismatch',
    severity: 'critical',
    actual: 15.115384615384615,
    ledgered: 786,
    variance: 770.8846153846154,
    variancePercent: 5100,
    message: 'Ledger reports Γé¼786/week wages but roster only commits Γé¼15/week (5100.0% variance)'
  },
  {
    clubId: 'rivendell-league-one-club-13',
    clubName: 'Rivendell League One Club 13',
    issueType: 'budget-overcommit',
    severity: 'warning',
    actual: 7776550,
    ledgered: 73466672,
    variance: 65690122,
    variancePercent: 844.720628041998,
    message: 'Transfer budget Γé¼73466672 exceeds available balance Γé¼7776550'
  },
  {
    clubId: 'rivendell-league-one-club-14',
    clubName: 'Rivendell League One Club 14',
    issueType: 'wage-mismatch',
    severity: 'critical',
    actual: 15.384615384615383,
    ledgered: 800,
    variance: 784.6153846153846,
    variancePercent: 5100.000000000001,
    message: 'Ledger reports Γé¼800/week wages but roster only commits Γé¼15/week (5100.0% variance)'
  },
  {
    clubId: 'rivendell-league-one-club-14',
    clubName: 'Rivendell League One Club 14',
    issueType: 'budget-overcommit',
    severity: 'warning',
    actual: 9742094,
    ledgered: 86837776,
    variance: 77095682,
    variancePercent: 791.3666404779095,
    message: 'Transfer budget Γé¼86837776 exceeds available balance Γé¼9742094'
  },
  {
    clubId: 'rivendell-league-one-club-15',
    clubName: 'Rivendell League One Club 15',
    issueType: 'wage-mismatch',
    severity: 'critical',
    actual: 16.365384615384617,
    ledgered: 35851,
    variance: 35834.63461538462,
    variancePercent: 218966.03995299648,
    message: 'Ledger reports Γé¼35851/week wages but roster only commits Γé¼16/week (218966.0% variance)'
  },
  {
    clubId: 'rivendell-league-one-club-15',
    clubName: 'Rivendell League One Club 15',
    issueType: 'budget-overcommit',
    severity: 'warning',
    actual: 0,
    ledgered: 86620870,
    variance: 86620870,
    variancePercent: 8662087000,
    message: 'Transfer budget Γé¼86620870 exceeds available balance Γé¼0'
  },
  {
    clubId: 'rivendell-league-two-club-6',
    clubName: 'Rivendell League Two Club 6',
    issueType: 'wage-mismatch',
    severity: 'critical',
    actual: 15.288461538461535,
    ledgered: 795,
    variance: 779.7115384615385,
    variancePercent: 5100.000000000002,
    message: 'Ledger reports Γé¼795/week wages but roster only commits Γé¼15/week (5100.0% variance)'
  },
  {
    clubId: 'rivendell-league-two-club-6',
    clubName: 'Rivendell League Two Club 6',
    issueType: 'budget-overcommit',
    severity: 'warning',
    actual: 9607562,
    ledgered: 75121577,
    variance: 65514015,
    variancePercent: 681.9005175298374,
    message: 'Transfer budget Γé¼75121577 exceeds available balance Γé¼9607562'
  },
  {
    clubId: 'rivendell-league-two-club-7',
    clubName: 'Rivendell League Two Club 7',
    issueType: 'wage-mismatch',
    severity: 'critical',
    actual: 14.98076923076923,
    ledgered: 779,
    variance: 764.0192307692307,
    variancePercent: 5100,
    message: 'Ledger reports Γé¼779/week wages but roster only commits Γé¼15/week (5100.0% variance)'
  },
  {
    clubId: 'rivendell-league-two-club-7',
    clubName: 'Rivendell League Two Club 7',
    issueType: 'budget-overcommit',
    severity: 'warning',
    actual: 9338526,
    ledgered: 54549515,
    variance: 45210989,
    variancePercent: 484.13410210562137,
    message: 'Transfer budget Γé¼54549515 exceeds available balance Γé¼9338526'
  },
  {
    clubId: 'rivendell-league-two-club-10',
    clubName: 'Rivendell League Two Club 10',
    issueType: 'wage-mismatch',
    severity: 'critical',
    actual: 16.53846153846154,
    ledgered: 34860,
    variance: 34843.46153846154,
    variancePercent: 210681.39534883722,
    message: 'Ledger reports Γé¼34860/week wages but roster only commits Γé¼17/week (210681.4% variance)'
  },
  {
    clubId: 'rivendell-league-two-club-10',
    clubName: 'Rivendell League Two Club 10',
    issueType: 'budget-overcommit',
    severity: 'warning',
    actual: 0,
    ledgered: 38362506,
    variance: 38362506,
    variancePercent: 3836250600,
    message: 'Transfer budget Γé¼38362506 exceeds available balance Γé¼0'
  },
  {
    clubId: 'rivendell-league-two-club-17',
    clubName: 'Rivendell League Two Club 17',
    issueType: 'wage-mismatch',
    severity: 'critical',
    actual: 16.307692307692307,
    ledgered: 37848,
    variance: 37831.692307692305,
    variancePercent: 231986.79245283018,
    message: 'Ledger reports Γé¼37848/week wages but roster only commits Γé¼16/week (231986.8% variance)'
  },
  {
    clubId: 'rivendell-league-two-club-17',
    clubName: 'Rivendell League Two Club 17',
    issueType: 'budget-overcommit',
    severity: 'warning',
    actual: 0,
    ledgered: 69763612,
    variance: 69763612,
    variancePercent: 6976361200,
    message: 'Transfer budget Γé¼69763612 exceeds available balance Γé¼0'
  },
  {
    clubId: 'rivendell-national-club-3',
    clubName: 'Rivendell National League Club 3',
    issueType: 'wage-mismatch',
    severity: 'critical',
    actual: 16.25,
    ledgered: 35845,
    variance: 35828.75,
    variancePercent: 220484.61538461538,
    message: 'Ledger reports Γé¼35845/week wages but roster only commits Γé¼16/week (220484.6% variance)'
  },
  {
    clubId: 'rivendell-national-club-3',
    clubName: 'Rivendell National League Club 3',
    issueType: 'budget-overcommit',
    severity: 'warning',
    actual: 0,
    ledgered: 70774970,
    variance: 70774970,
    variancePercent: 7077497000,
    message: 'Transfer budget Γé¼70774970 exceeds available balance Γé¼0'
  },
  {
    clubId: 'rivendell-national-club-5',
    clubName: 'Rivendell National League Club 5',
    issueType: 'wage-mismatch',
    severity: 'critical',
    actual: 16.519230769230766,
    ledgered: 34859,
    variance: 34842.480769230766,
    variancePercent: 210920.72176949942,
    message: 'Ledger reports Γé¼34859/week wages but roster only commits Γé¼17/week (210920.7% variance)'
  },
  {
    clubId: 'rivendell-national-club-5',
    clubName: 'Rivendell National League Club 5',
    issueType: 'budget-overcommit',
    severity: 'warning',
    actual: 0,
    ledgered: 86004031,
    variance: 86004031,
    variancePercent: 8600403100,
    message: 'Transfer budget Γé¼86004031 exceeds available balance Γé¼0'
  },
  {
    clubId: 'rivendell-national-club-7',
    clubName: 'Rivendell National League Club 7',
    issueType: 'wage-mismatch',
    severity: 'critical',
    actual: 15.057692307692308,
    ledgered: 783,
    variance: 767.9423076923077,
    variancePercent: 5100,
    message: 'Ledger reports Γé¼783/week wages but roster only commits Γé¼15/week (5100.0% variance)'
  },
  {
    clubId: 'rivendell-national-club-7',
    clubName: 'Rivendell National League Club 7',
    issueType: 'budget-overcommit',
    severity: 'warning',
    actual: 8010560,
    ledgered: 94520352,
    variance: 86509792,
    variancePercent: 1079.9468701314265,
    message: 'Transfer budget Γé¼94520352 exceeds available balance Γé¼8010560'
  },
  {
    clubId: 'rivendell-national-club-8',
    clubName: 'Rivendell National League Club 8',
    issueType: 'wage-mismatch',
    severity: 'critical',
    actual: 15.23076923076923,
    ledgered: 792,
    variance: 776.7692307692307,
    variancePercent: 5100,
    message: 'Ledger reports Γé¼792/week wages but roster only commits Γé¼15/week (5100.0% variance)'
  },
  {
    clubId: 'rivendell-national-club-8',
    clubName: 'Rivendell National League Club 8',
    issueType: 'budget-overcommit',
    severity: 'warning',
    actual: 8127523,
    ledgered: 50753965,
    variance: 42626442,
    variancePercent: 524.4702721850186,
    message: 'Transfer budget Γé¼50753965 exceeds available balance Γé¼8127523'
  },
  {
    clubId: 'rivendell-national-club-9',
    clubName: 'Rivendell National League Club 9',
    issueType: 'wage-mismatch',
    severity: 'critical',
    actual: 15.134615384615387,
    ledgered: 787,
    variance: 771.8653846153846,
    variancePercent: 5099.999999999999,
    message: 'Ledger reports Γé¼787/week wages but roster only commits Γé¼15/week (5100.0% variance)'
  },
  {
    clubId: 'rivendell-national-club-9',
    clubName: 'Rivendell National League Club 9',
    issueType: 'budget-overcommit',
    severity: 'warning',
    actual: 8244544,
    ledgered: 91203485,
    variance: 82958941,
    variancePercent: 1006.2283735765131,
    message: 'Transfer budget Γé¼91203485 exceeds available balance Γé¼8244544'
  },
  {
    clubId: 'rivendell-national-club-13',
    clubName: 'Rivendell National League Club 13',
    issueType: 'wage-mismatch',
    severity: 'critical',
    actual: 16.38461538461538,
    ledgered: 35852,
    variance: 35835.61538461538,
    variancePercent: 218715.02347417845,
    message: 'Ledger reports Γé¼35852/week wages but roster only commits Γé¼16/week (218715.0% variance)'
  },
  {
    clubId: 'rivendell-national-club-13',
    clubName: 'Rivendell National League Club 13',
    issueType: 'budget-overcommit',
    severity: 'warning',
    actual: 0,
    ledgered: 73758251,
    variance: 73758251,
    variancePercent: 7375825100,
    message: 'Transfer budget Γé¼73758251 exceeds available balance Γé¼0'
  },
  {
    clubId: 'norland-premier-club-1',
    clubName: 'Norland Premier League Club 1',
    issueType: 'wage-mismatch',
    severity: 'critical',
    actual: 15.134615384615387,
    ledgered: 787,
    variance: 771.8653846153846,
    variancePercent: 5099.999999999999,
    message: 'Ledger reports Γé¼787/week wages but roster only commits Γé¼15/week (5100.0% variance)'
  },
  {
    clubId: 'norland-premier-club-1',
    clubName: 'Norland Premier League Club 1',
    issueType: 'budget-overcommit',
    severity: 'warning',
    actual: 8478543,
    ledgered: 47628313,
    variance: 39149770,
    variancePercent: 461.7511522911425,
    message: 'Transfer budget Γé¼47628313 exceeds available balance Γé¼8478543'
  },
  {
    clubId: 'norland-premier-club-6',
    clubName: 'Norland Premier League Club 6',
    issueType: 'wage-mismatch',
    severity: 'critical',
    actual: 16.480769230769226,
    ledgered: 33857,
    variance: 33840.519230769234,
    variancePercent: 205333.37222870486,
    message: 'Ledger reports Γé¼33857/week wages but roster only commits Γé¼16/week (205333.4% variance)'
  },
  {
    clubId: 'norland-premier-club-6',
    clubName: 'Norland Premier League Club 6',
    issueType: 'budget-overcommit',
    severity: 'warning',
    actual: 0,
    ledgered: 36277728,
    variance: 36277728,
    variancePercent: 3627772800,
    message: 'Transfer budget Γé¼36277728 exceeds available balance Γé¼0'
  },
  {
    clubId: 'norland-premier-club-11',
    clubName: 'Norland Premier League Club 11',
    issueType: 'wage-mismatch',
    severity: 'critical',
    actual: 14.942307692307692,
    ledgered: 777,
    variance: 762.0576923076923,
    variancePercent: 5100,
    message: 'Ledger reports Γé¼777/week wages but roster only commits Γé¼15/week (5100.0% variance)'
  },
  {
    clubId: 'norland-premier-club-11',
    clubName: 'Norland Premier League Club 11',
    issueType: 'budget-overcommit',
    severity: 'warning',
    actual: 8010585,
    ledgered: 95353048,
    variance: 87342463,
    variancePercent: 1090.338133856641,
    message: 'Transfer budget Γé¼95353048 exceeds available balance Γé¼8010585'
  },
  {
    clubId: 'norland-championship-club-15',
    clubName: 'Norland Championship Club 15',
    issueType: 'wage-mismatch',
    severity: 'critical',
    actual: 15.576923076923075,
    ledgered: 33777,
    variance: 33761.42307692308,
    variancePercent: 216740.00000000006,
    message: 'Ledger reports Γé¼33777/week wages but roster only commits Γé¼16/week (216740.0% variance)'
  },
  {
    clubId: 'norland-championship-club-15',
    clubName: 'Norland Championship Club 15',
    issueType: 'budget-overcommit',
    severity: 'warning',
    actual: 1883084,
    ledgered: 80656440,
    variance: 78773356,
    variancePercent: 4183.20988336155,
    message: 'Transfer budget Γé¼80656440 exceeds available balance Γé¼1883084'
  },
  {
    clubId: 'norland-championship-club-17',
    clubName: 'Norland Championship Club 17',
    issueType: 'wage-mismatch',
    severity: 'critical',
    actual: 16.769230769230766,
    ledgered: 64840,
    variance: 64823.230769230766,
    variancePercent: 386560.55045871565,
    message: 'Ledger reports Γé¼64840/week wages but roster only commits Γé¼17/week (386560.6% variance)'
  },
  {
    clubId: 'norland-championship-club-17',
    clubName: 'Norland Championship Club 17',
    issueType: 'budget-overcommit',
    severity: 'warning',
    actual: 0,
    ledgered: 30426203,
    variance: 30426203,
    variancePercent: 3042620300,
    message: 'Transfer budget Γé¼30426203 exceeds available balance Γé¼0'
  },
  ... 534 more items
]

 Γ¥» src/state/integration-season-flow.test.ts (12 tests | 3 failed) 342510ms
     ├ù season eventually completes and transitions to next season 140998ms
     ├ù season completion applies manager evaluation 91686ms
     ├ù new season has fresh fixtures 105690ms

ΓÄ»ΓÄ»ΓÄ»ΓÄ»ΓÄ»ΓÄ»ΓÄ» Failed Tests 3 ΓÄ»ΓÄ»ΓÄ»ΓÄ»ΓÄ»ΓÄ»ΓÄ»

 FAIL  src/state/integration-season-flow.test.ts > Integration: Complete Season Flow > season eventually completes and transitions to next season
Error: Test timed out in 60000ms.
If this is a long-running test, pass a timeout value as the last argument or configure it globally with "testTimeout".
 Γ¥» src/state/integration-season-flow.test.ts:203:3
    201|   });
    202|
    203|   it("season eventually completes and transitions to next season", () ΓÇª
       |   ^
    204|     const startSeason = state.time.season;
    205|     let dayCounter = 0;

ΓÄ»ΓÄ»ΓÄ»ΓÄ»ΓÄ»ΓÄ»ΓÄ»ΓÄ»ΓÄ»ΓÄ»ΓÄ»ΓÄ»ΓÄ»ΓÄ»ΓÄ»ΓÄ»ΓÄ»ΓÄ»ΓÄ»ΓÄ»ΓÄ»ΓÄ»ΓÄ»ΓÄ»[1/3]ΓÄ»

 FAIL  src/state/integration-season-flow.test.ts > Integration: Complete Season Flow > season completion applies manager evaluation
Error: Test timed out in 60000ms.
If this is a long-running test, pass a timeout value as the last argument or configure it globally with "testTimeout".
 Γ¥» src/state/integration-season-flow.test.ts:237:3
    235|   });
    236|
    237|   it("season completion applies manager evaluation", () => {
       |   ^
    238|     const startSeason = state.time.season;
    239|     let dayCounter = 0;

ΓÄ»ΓÄ»ΓÄ»ΓÄ»ΓÄ»ΓÄ»ΓÄ»ΓÄ»ΓÄ»ΓÄ»ΓÄ»ΓÄ»ΓÄ»ΓÄ»ΓÄ»ΓÄ»ΓÄ»ΓÄ»ΓÄ»ΓÄ»ΓÄ»ΓÄ»ΓÄ»ΓÄ»[2/3]ΓÄ»

 FAIL  src/state/integration-season-flow.test.ts > Integration: Complete Season Flow > new season has fresh fixtures
Error: Test timed out in 60000ms.
If this is a long-running test, pass a timeout value as the last argument or configure it globally with "testTimeout".
 Γ¥» src/state/integration-season-flow.test.ts:277:3
    275|   });
    276|
    277|   it("new season has fresh fixtures", () => {
       |   ^
    278|     const startSeason = state.time.season;
    279|     let dayCounter = 0;

ΓÄ»ΓÄ»ΓÄ»ΓÄ»ΓÄ»ΓÄ»ΓÄ»ΓÄ»ΓÄ»ΓÄ»ΓÄ»ΓÄ»ΓÄ»ΓÄ»ΓÄ»ΓÄ»ΓÄ»ΓÄ»ΓÄ»ΓÄ»ΓÄ»ΓÄ»ΓÄ»ΓÄ»[3/3]ΓÄ»


 Test Files  1 failed | 26 passed (27)
      Tests  3 failed | 428 passed (431)
   Start at  14:12:55
   Duration  351.34s (transform 12.06s, setup 0ms, import 49.81s, tests 485.24s, environment 26.44s)

